Archive member included to satisfy reference by file (symbol)

c:/users/lzh/appdata/roaming/code/user/globalstorage/bmd.stm32-for-vscode/@xpack-dev-tools/arm-none-eabi-gcc/12.2.1-1.2.1/.content/bin/../lib/gcc/arm-none-eabi/12.2.1/../../../../arm-none-eabi/lib/thumb/v6-m/nofp\libc_nano.a(libc_a-atexit.o)
                              c:/users/lzh/appdata/roaming/code/user/globalstorage/bmd.stm32-for-vscode/@xpack-dev-tools/arm-none-eabi-gcc/12.2.1-1.2.1/.content/bin/../lib/gcc/arm-none-eabi/12.2.1/../../../../arm-none-eabi/lib/thumb/v6-m/nofp/crt0.o (atexit)
c:/users/lzh/appdata/roaming/code/user/globalstorage/bmd.stm32-for-vscode/@xpack-dev-tools/arm-none-eabi-gcc/12.2.1-1.2.1/.content/bin/../lib/gcc/arm-none-eabi/12.2.1/../../../../arm-none-eabi/lib/thumb/v6-m/nofp\libc_nano.a(libc_a-exit.o)
                              c:/users/lzh/appdata/roaming/code/user/globalstorage/bmd.stm32-for-vscode/@xpack-dev-tools/arm-none-eabi-gcc/12.2.1-1.2.1/.content/bin/../lib/gcc/arm-none-eabi/12.2.1/../../../../arm-none-eabi/lib/thumb/v6-m/nofp/crt0.o (exit)
c:/users/lzh/appdata/roaming/code/user/globalstorage/bmd.stm32-for-vscode/@xpack-dev-tools/arm-none-eabi-gcc/12.2.1-1.2.1/.content/bin/../lib/gcc/arm-none-eabi/12.2.1/../../../../arm-none-eabi/lib/thumb/v6-m/nofp\libc_nano.a(libc_a-findfp.o)
                              c:/users/lzh/appdata/roaming/code/user/globalstorage/bmd.stm32-for-vscode/@xpack-dev-tools/arm-none-eabi-gcc/12.2.1-1.2.1/.content/bin/../lib/gcc/arm-none-eabi/12.2.1/../../../../arm-none-eabi/lib/thumb/v6-m/nofp\libc_nano.a(libc_a-exit.o) (__stdio_exit_handler)
c:/users/lzh/appdata/roaming/code/user/globalstorage/bmd.stm32-for-vscode/@xpack-dev-tools/arm-none-eabi-gcc/12.2.1-1.2.1/.content/bin/../lib/gcc/arm-none-eabi/12.2.1/../../../../arm-none-eabi/lib/thumb/v6-m/nofp\libc_nano.a(libc_a-fwalk.o)
                              c:/users/lzh/appdata/roaming/code/user/globalstorage/bmd.stm32-for-vscode/@xpack-dev-tools/arm-none-eabi-gcc/12.2.1-1.2.1/.content/bin/../lib/gcc/arm-none-eabi/12.2.1/../../../../arm-none-eabi/lib/thumb/v6-m/nofp\libc_nano.a(libc_a-findfp.o) (_fwalk_sglue)
c:/users/lzh/appdata/roaming/code/user/globalstorage/bmd.stm32-for-vscode/@xpack-dev-tools/arm-none-eabi-gcc/12.2.1-1.2.1/.content/bin/../lib/gcc/arm-none-eabi/12.2.1/../../../../arm-none-eabi/lib/thumb/v6-m/nofp\libc_nano.a(libc_a-stdio.o)
                              c:/users/lzh/appdata/roaming/code/user/globalstorage/bmd.stm32-for-vscode/@xpack-dev-tools/arm-none-eabi-gcc/12.2.1-1.2.1/.content/bin/../lib/gcc/arm-none-eabi/12.2.1/../../../../arm-none-eabi/lib/thumb/v6-m/nofp\libc_nano.a(libc_a-findfp.o) (__sread)
c:/users/lzh/appdata/roaming/code/user/globalstorage/bmd.stm32-for-vscode/@xpack-dev-tools/arm-none-eabi-gcc/12.2.1-1.2.1/.content/bin/../lib/gcc/arm-none-eabi/12.2.1/../../../../arm-none-eabi/lib/thumb/v6-m/nofp\libc_nano.a(libc_a-memset.o)
                              c:/users/lzh/appdata/roaming/code/user/globalstorage/bmd.stm32-for-vscode/@xpack-dev-tools/arm-none-eabi-gcc/12.2.1-1.2.1/.content/bin/../lib/gcc/arm-none-eabi/12.2.1/../../../../arm-none-eabi/lib/thumb/v6-m/nofp/crt0.o (memset)
c:/users/lzh/appdata/roaming/code/user/globalstorage/bmd.stm32-for-vscode/@xpack-dev-tools/arm-none-eabi-gcc/12.2.1-1.2.1/.content/bin/../lib/gcc/arm-none-eabi/12.2.1/../../../../arm-none-eabi/lib/thumb/v6-m/nofp\libc_nano.a(libc_a-closer.o)
                              c:/users/lzh/appdata/roaming/code/user/globalstorage/bmd.stm32-for-vscode/@xpack-dev-tools/arm-none-eabi-gcc/12.2.1-1.2.1/.content/bin/../lib/gcc/arm-none-eabi/12.2.1/../../../../arm-none-eabi/lib/thumb/v6-m/nofp\libc_nano.a(libc_a-stdio.o) (_close_r)
c:/users/lzh/appdata/roaming/code/user/globalstorage/bmd.stm32-for-vscode/@xpack-dev-tools/arm-none-eabi-gcc/12.2.1-1.2.1/.content/bin/../lib/gcc/arm-none-eabi/12.2.1/../../../../arm-none-eabi/lib/thumb/v6-m/nofp\libc_nano.a(libc_a-reent.o)
                              c:/users/lzh/appdata/roaming/code/user/globalstorage/bmd.stm32-for-vscode/@xpack-dev-tools/arm-none-eabi-gcc/12.2.1-1.2.1/.content/bin/../lib/gcc/arm-none-eabi/12.2.1/../../../../arm-none-eabi/lib/thumb/v6-m/nofp\libc_nano.a(libc_a-closer.o) (errno)
c:/users/lzh/appdata/roaming/code/user/globalstorage/bmd.stm32-for-vscode/@xpack-dev-tools/arm-none-eabi-gcc/12.2.1-1.2.1/.content/bin/../lib/gcc/arm-none-eabi/12.2.1/../../../../arm-none-eabi/lib/thumb/v6-m/nofp\libc_nano.a(libc_a-impure.o)
                              c:/users/lzh/appdata/roaming/code/user/globalstorage/bmd.stm32-for-vscode/@xpack-dev-tools/arm-none-eabi-gcc/12.2.1-1.2.1/.content/bin/../lib/gcc/arm-none-eabi/12.2.1/../../../../arm-none-eabi/lib/thumb/v6-m/nofp\libc_nano.a(libc_a-reent.o) (_impure_ptr)
c:/users/lzh/appdata/roaming/code/user/globalstorage/bmd.stm32-for-vscode/@xpack-dev-tools/arm-none-eabi-gcc/12.2.1-1.2.1/.content/bin/../lib/gcc/arm-none-eabi/12.2.1/../../../../arm-none-eabi/lib/thumb/v6-m/nofp\libc_nano.a(libc_a-lseekr.o)
[...]
Memory Configuration

Name             Origin             Length             Attributes
RAM              0x0000000020000000 0x0000000000002000 xrw
FLASH            0x0000000008000000 0x0000000000008000 xr
*default*        0x0000000000000000 0xffffffffffffffff

Linker script and memory map

LOAD c:/users/lzh/appdata/roaming/code/user/globalstorage/bmd.stm32-for-vscode/@xpack-dev-tools/arm-none-eabi-gcc/12.2.1-1.2.1/.content/bin/../lib/gcc/arm-none-eabi/12.2.1/thumb/v6-m/nofp/crti.o
LOAD c:/users/lzh/appdata/roaming/code/user/globalstorage/bmd.stm32-for-vscode/@xpack-dev-tools/arm-none-eabi-gcc/12.2.1-1.2.1/.content/bin/../lib/gcc/arm-none-eabi/12.2.1/thumb/v6-m/nofp/crtbegin.o
LOAD c:/users/lzh/appdata/roaming/code/user/globalstorage/bmd.stm32-for-vscode/@xpack-dev-tools/arm-none-eabi-gcc/12.2.1-1.2.1/.content/bin/../lib/gcc/arm-none-eabi/12.2.1/../../../../arm-none-eabi/lib/thumb/v6-m/nofp/crt0.o
LOAD build/stm32l0xx_hal.o
LOAD build/stm32l0xx_hal_cortex.o
LOAD build/stm32l0xx_hal_dma.o
LOAD build/stm32l0xx_hal_exti.o
LOAD build/stm32l0xx_hal_flash.o
LOAD build/stm32l0xx_hal_flash_ex.o
LOAD build/stm32l0xx_hal_flash_ramfunc.o
LOAD build/stm32l0xx_hal_gpio.o
LOAD build/stm32l0xx_hal_i2c.o
LOAD build/stm32l0xx_hal_i2c_ex.o
LOAD build/stm32l0xx_hal_pwr.o
LOAD build/stm32l0xx_hal_pwr_ex.o
LOAD build/stm32l0xx_hal_rcc.o
LOAD build/stm32l0xx_hal_rcc_ex.o
LOAD build/stm32l0xx_hal_tim.o
LOAD build/stm32l0xx_hal_tim_ex.o
LOAD build/stm32l0xx_hal_uart.o
LOAD build/stm32l0xx_hal_uart_ex.o
LOAD build/main.o
LOAD build/stm32l0xx_hal_msp.o
LOAD build/stm32l0xx_it.o
LOAD build/syscalls.o
LOAD build/sysmem.o
LOAD build/system_stm32l0xx.o
LOAD build/vfd.o
LOAD build/startup_stm32l031xx.o
LOAD c:/users/lzh/appdata/roaming/code/user/globalstorage/bmd.stm32-for-vscode/@xpack-dev-tools/arm-none-eabi-gcc/12.2.1-1.2.1/.content/bin/../lib/gcc/arm-none-eabi/12.2.1/../../../../arm-none-eabi/lib/thumb/v6-m/nofp\libc_nano.a
LOAD c:/users/lzh/appdata/roaming/code/user/globalstorage/bmd.stm32-for-vscode/@xpack-dev-tools/arm-none-eabi-gcc/12.2.1-1.2.1/.content/bin/../lib/gcc/arm-none-eabi/12.2.1/../../../../arm-none-eabi/lib/thumb/v6-m/nofp\libm.a
LOAD c:/users/lzh/appdata/roaming/code/user/globalstorage/bmd.stm32-for-vscode/@xpack-dev-tools/arm-none-eabi-gcc/12.2.1-1.2.1/.content/bin/../lib/gcc/arm-none-eabi/12.2.1/../../../../arm-none-eabi/lib/thumb/v6-m/nofp\libnosys.a
START GROUP
LOAD c:/users/lzh/appdata/roaming/code/user/globalstorage/bmd.stm32-for-vscode/@xpack-dev-tools/arm-none-eabi-gcc/12.2.1-1.2.1/.content/bin/../lib/gcc/arm-none-eabi/12.2.1/thumb/v6-m/nofp\libgcc.a
LOAD c:/users/lzh/appdata/roaming/code/user/globalstorage/bmd.stm32-for-vscode/@xpack-dev-tools/arm-none-eabi-gcc/12.2.1-1.2.1/.content/bin/../lib/gcc/arm-none-eabi/12.2.1/../../../../arm-none-eabi/lib/thumb/v6-m/nofp\libc_nano.a
END GROUP
START GROUP
LOAD c:/users/lzh/appdata/roaming/code/user/globalstorage/bmd.stm32-for-vscode/@xpack-dev-tools/arm-none-eabi-gcc/12.2.1-1.2.1/.content/bin/../lib/gcc/arm-none-eabi/12.2.1/thumb/v6-m/nofp\libgcc.a
LOAD c:/users/lzh/appdata/roaming/code/user/globalstorage/bmd.stm32-for-vscode/@xpack-dev-tools/arm-none-eabi-gcc/12.2.1-1.2.1/.content/bin/../lib/gcc/arm-none-eabi/12.2.1/../../../../arm-none-eabi/lib/thumb/v6-m/nofp\libc_nano.a
END GROUP
LOAD c:/users/lzh/appdata/roaming/code/user/globalstorage/bmd.stm32-for-vscode/@xpack-dev-tools/arm-none-eabi-gcc/12.2.1-1.2.1/.content/bin/../lib/gcc/arm-none-eabi/12.2.1/thumb/v6-m/nofp/crtend.o
LOAD c:/users/lzh/appdata/roaming/code/user/globalstorage/bmd.stm32-for-vscode/@xpack-dev-tools/arm-none-eabi-gcc/12.2.1-1.2.1/.content/bin/../lib/gcc/arm-none-eabi/12.2.1/thumb/v6-m/nofp/crtn.o
                0x0000000020002000                _estack = (ORIGIN (RAM) + LENGTH (RAM))
                0x0000000000000200                _Min_Heap_Size = 0x200
                0x0000000000000400                _Min_Stack_Size = 0x400

.isr_vector     0x0000000008000000       0xc0
                0x0000000008000000                . = ALIGN (0x4)
 *(.isr_vector)
 .isr_vector    0x0000000008000000       0xc0 build/startup_stm32l031xx.o
                0x0000000008000000                g_pfnVectors
                0x00000000080000c0                . = ALIGN (0x4)

.text           0x00000000080000c0     0x2ddc
                0x00000000080000c0                . = ALIGN (0x4)
 *(.text)
 .text          0x00000000080000c0      0x114 c:/users/lzh/appdata/roaming/code/user/globalstorage/bmd.stm32-for-vscode/@xpack-dev-tools/arm-none-eabi-gcc/12.2.1-1.2.1/.content/bin/../lib/gcc/arm-none-eabi/12.2.1/thumb/v6-m/nofp\libgcc.a(_udivsi3.o)
                0x00000000080000c0                __aeabi_uidiv
                0x00000000080000c0                __udivsi3
                0x00000000080001cc                __aeabi_uidivmod
 .text          0x00000000080001d4        0x4 c:/users/lzh/appdata/roaming/code/user/globalstorage/bmd.stm32-for-vscode/@xpack-dev-tools/arm-none-eabi-gcc/12.2.1-1.2.1/.content/bin/../lib/gcc/arm-none-eabi/12.2.1/thumb/v6-m/nofp\libgcc.a(_dvmd_tls.o)
                0x00000000080001d4                __aeabi_idiv0
                0x00000000080001d4                __aeabi_ldiv0
 .text          0x00000000080001d8       0x40 c:/users/lzh/appdata/roaming/code/user/globalstorage/bmd.stm32-for-vscode/@xpack-dev-tools/arm-none-eabi-gcc/12.2.1-1.2.1/.content/bin/../lib/gcc/arm-none-eabi/12.2.1/thumb/v6-m/nofp\libgcc.a(_aeabi_uldivmod.o)
                0x00000000080001d8                __aeabi_uldivmod
 .text          0x0000000008000218       0x3c c:/users/lzh/appdata/roaming/code/user/globalstorage/bmd.stm32-for-vscode/@xpack-dev-tools/arm-none-eabi-gcc/12.2.1-1.2.1/.content/bin/../lib/gcc/arm-none-eabi/12.2.1/thumb/v6-m/nofp\libgcc.a(_clzsi2.o)
                0x0000000008000218                __clzsi2
 .text          0x0000000008000254       0x18 c:/users/lzh/appdata/roaming/code/user/globalstorage/bmd.stm32-for-vscode/@xpack-dev-tools/arm-none-eabi-gcc/12.2.1-1.2.1/.content/bin/../lib/gcc/arm-none-eabi/12.2.1/thumb/v6-m/nofp\libgcc.a(_clzdi2.o)
                0x0000000008000254                __clzdi2
 *(.text*)
 .text.__do_global_dtors_aux
                0x000000000800026c       0x28 c:/users/lzh/appdata/roaming/code/user/globalstorage/bmd.stm32-for-vscode/@xpack-dev-tools/arm-none-eabi-gcc/12.2.1-1.2.1/.content/bin/../lib/gcc/arm-none-eabi/12.2.1/thumb/v6-m/nofp/crtbegin.o
 .text.frame_dummy
                0x0000000008000294       0x20 c:/users/lzh/appdata/roaming/code/user/globalstorage/bmd.stm32-for-vscode/@xpack-dev-tools/arm-none-eabi-gcc/12.2.1-1.2.1/.content/bin/../lib/gcc/arm-none-eabi/12.2.1/thumb/v6-m/nofp/crtbegin.o
 .text.HAL_InitTick
                0x00000000080002b4       0x50 build/stm32l0xx_hal.o
                0x00000000080002b4                HAL_InitTick
 .text.HAL_Init
                0x0000000008000304       0x28 build/stm32l0xx_hal.o
                0x0000000008000304                HAL_Init
 .text.HAL_IncTick
                0x000000000800032c       0x18 build/stm32l0xx_hal.o
                0x000000000800032c                HAL_IncTick
 .text.HAL_GetTick
                0x0000000008000344        0xc build/stm32l0xx_hal.o
                0x0000000008000344                HAL_GetTick
 .text.HAL_Delay
                0x0000000008000350       0x24 build/stm32l0xx_hal.o
                0x0000000008000350                HAL_Delay
 .text.__NVIC_SetPriority
                0x0000000008000374       0x60 build/stm32l0xx_hal_cortex.o
 .text.SysTick_Config
                0x00000000080003d4       0x38 build/stm32l0xx_hal_cortex.o
 .text.HAL_NVIC_SetPriority
                0x000000000800040c        0x8 build/stm32l0xx_hal_cortex.o
                0x000000000800040c                HAL_NVIC_SetPriority
 .text.HAL_NVIC_EnableIRQ
                0x0000000008000414       0x18 build/stm32l0xx_hal_cortex.o
                0x0000000008000414                HAL_NVIC_EnableIRQ
 .text.HAL_SYSTICK_Config
                0x000000000800042c        0x8 build/stm32l0xx_hal_cortex.o
                0x000000000800042c                HAL_SYSTICK_Config
 .text.DMA_SetConfig
                0x0000000008000434       0x2e build/stm32l0xx_hal_dma.o
 *fill*         0x0000000008000462        0x2 
 .text.HAL_DMA_Init
                0x0000000008000464       0x98 build/stm32l0xx_hal_dma.o
                0x0000000008000464                HAL_DMA_Init
 .text.HAL_DMA_Start_IT
                0x00000000080004fc       0x76 build/stm32l0xx_hal_dma.o
                0x00000000080004fc                HAL_DMA_Start_IT
 .text.HAL_DMA_Abort
                0x0000000008000572       0x48 build/stm32l0xx_hal_dma.o
                0x0000000008000572                HAL_DMA_Abort
 .text.HAL_DMA_Abort_IT
                0x00000000080005ba       0x4e build/stm32l0xx_hal_dma.o
                0x00000000080005ba                HAL_DMA_Abort_IT
 .text.HAL_DMA_IRQHandler
                0x0000000008000608       0xba build/stm32l0xx_hal_dma.o
                0x0000000008000608                HAL_DMA_IRQHandler
 *fill*         0x00000000080006c2        0x2 
 .text.HAL_GPIO_Init
                0x00000000080006c4      0x17c build/stm32l0xx_hal_gpio.o
                0x00000000080006c4                HAL_GPIO_Init
 .text.HAL_GPIO_WritePin
                0x0000000008000840        0xc build/stm32l0xx_hal_gpio.o
                0x0000000008000840                HAL_GPIO_WritePin
 .text.HAL_GPIO_TogglePin
                0x000000000800084c       0x10 build/stm32l0xx_hal_gpio.o
                0x000000000800084c                HAL_GPIO_TogglePin
 .text.HAL_RCC_GetSysClockFreq
                0x000000000800085c       0xb0 build/stm32l0xx_hal_rcc.o
                0x000000000800085c                HAL_RCC_GetSysClockFreq
 .text.HAL_RCC_OscConfig
                0x000000000800090c      0x51c build/stm32l0xx_hal_rcc.o
                0x000000000800090c                HAL_RCC_OscConfig
 .text.HAL_RCC_ClockConfig
                0x0000000008000e28      0x1d8 build/stm32l0xx_hal_rcc.o
                0x0000000008000e28                HAL_RCC_ClockConfig
 .text.HAL_RCC_GetHCLKFreq
                0x0000000008001000        0xc build/stm32l0xx_hal_rcc.o
                0x0000000008001000                HAL_RCC_GetHCLKFreq
 .text.HAL_RCC_GetPCLK1Freq
                0x000000000800100c       0x20 build/stm32l0xx_hal_rcc.o
                0x000000000800100c                HAL_RCC_GetPCLK1Freq
 .text.HAL_RCC_GetPCLK2Freq
                0x000000000800102c       0x20 build/stm32l0xx_hal_rcc.o
                0x000000000800102c                HAL_RCC_GetPCLK2Freq
 .text.HAL_RCCEx_PeriphCLKConfig
                0x000000000800104c      0x1a0 build/stm32l0xx_hal_rcc_ex.o
                0x000000000800104c                HAL_RCCEx_PeriphCLKConfig
 .text.TIM_Base_SetConfig
                0x00000000080011ec       0x68 build/stm32l0xx_hal_tim.o
 .text.TIM_CCxChannelCmd
                0x0000000008001254       0x1a build/stm32l0xx_hal_tim.o
 *fill*         0x000000000800126e        0x2 
 .text.HAL_TIM_Encoder_Init
                0x0000000008001270       0xb4 build/stm32l0xx_hal_tim.o
                0x0000000008001270                HAL_TIM_Encoder_Init
 .text.HAL_TIM_Encoder_Start
                0x0000000008001324       0x90 build/stm32l0xx_hal_tim.o
                0x0000000008001324                HAL_TIM_Encoder_Start
 .text.HAL_TIMEx_MasterConfigSynchronization
                0x00000000080013b4       0x64 build/stm32l0xx_hal_tim_ex.o
                0x00000000080013b4                HAL_TIMEx_MasterConfigSynchronization
 .text.UART_EndTxTransfer
                0x0000000008001418       0x20 build/stm32l0xx_hal_uart.o
 .text.UART_EndRxTransfer
                0x0000000008001438       0x60 build/stm32l0xx_hal_uart.o
 .text.HAL_UART_TxCpltCallback
                0x0000000008001498        0x2 build/stm32l0xx_hal_uart.o
                0x0000000008001498                HAL_UART_TxCpltCallback
 .text.UART_EndTransmit_IT
                0x000000000800149a       0x28 build/stm32l0xx_hal_uart.o
 .text.HAL_UART_RxCpltCallback
                0x00000000080014c2        0x2 build/stm32l0xx_hal_uart.o
                0x00000000080014c2                HAL_UART_RxCpltCallback
 .text.HAL_UART_RxHalfCpltCallback
                0x00000000080014c4        0x2 build/stm32l0xx_hal_uart.o
                0x00000000080014c4                HAL_UART_RxHalfCpltCallback
 .text.HAL_UART_ErrorCallback
                0x00000000080014c6        0x2 build/stm32l0xx_hal_uart.o
                0x00000000080014c6                HAL_UART_ErrorCallback
 .text.UART_DMAError
                0x00000000080014c8       0x50 build/stm32l0xx_hal_uart.o
 .text.UART_DMAAbortOnError
                0x0000000008001518       0x10 build/stm32l0xx_hal_uart.o
 .text.HAL_UART_IRQHandler
                0x0000000008001528      0x2ec build/stm32l0xx_hal_uart.o
                0x0000000008001528                HAL_UART_IRQHandler
 .text.UART_DMARxHalfCplt
                0x0000000008001814       0x3a build/stm32l0xx_hal_uart.o
 *fill*         0x000000000800184e        0x2 
 .text.UART_DMAReceiveCplt
                0x0000000008001850       0xb4 build/stm32l0xx_hal_uart.o
 .text.UART_SetConfig
                0x0000000008001904      0x25c build/stm32l0xx_hal_uart.o
                0x0000000008001904                UART_SetConfig
 .text.UART_AdvFeatureConfig
                0x0000000008001b60       0xe0 build/stm32l0xx_hal_uart.o
                0x0000000008001b60                UART_AdvFeatureConfig
 .text.UART_WaitOnFlagUntilTimeout
                0x0000000008001c40       0x9e build/stm32l0xx_hal_uart.o
                0x0000000008001c40                UART_WaitOnFlagUntilTimeout
 .text.HAL_UART_Transmit
                0x0000000008001cde       0xf2 build/stm32l0xx_hal_uart.o
                0x0000000008001cde                HAL_UART_Transmit
 .text.UART_CheckIdleState
                0x0000000008001dd0       0xd0 build/stm32l0xx_hal_uart.o
                0x0000000008001dd0                UART_CheckIdleState
 .text.HAL_UART_Init
                0x0000000008001ea0       0x6c build/stm32l0xx_hal_uart.o
                0x0000000008001ea0                HAL_UART_Init
 .text.UART_Start_Receive_DMA
                0x0000000008001f0c       0xb0 build/stm32l0xx_hal_uart.o
                0x0000000008001f0c                UART_Start_Receive_DMA
 .text.HAL_UARTEx_WakeupCallback
                0x0000000008001fbc        0x2 build/stm32l0xx_hal_uart_ex.o
                0x0000000008001fbc                HAL_UARTEx_WakeupCallback
 .text.HAL_UARTEx_ReceiveToIdle_DMA
                0x0000000008001fbe       0x72 build/stm32l0xx_hal_uart_ex.o
                0x0000000008001fbe                HAL_UARTEx_ReceiveToIdle_DMA
 .text.MX_GPIO_Init
                0x0000000008002030       0x80 build/main.o
 .text.MX_DMA_Init
                0x00000000080020b0       0x30 build/main.o
 .text.HAL_UARTEx_RxEventCallback
                0x00000000080020e0        0x2 build/main.o
                0x00000000080020e0                HAL_UARTEx_RxEventCallback
 .text.Error_Handler
                0x00000000080020e2        0x4 build/main.o
                0x00000000080020e2                Error_Handler
 *fill*         0x00000000080020e6        0x2 
 .text.MX_TIM2_Init
                0x00000000080020e8       0x68 build/main.o
 .text.MX_USART2_UART_Init
                0x0000000008002150       0x38 build/main.o
 .text.SystemClock_Config
                0x0000000008002188       0x94 build/main.o
                0x0000000008002188                SystemClock_Config
 .text.main     0x000000000800221c      0x150 build/main.o
                0x000000000800221c                main
 .text.HAL_MspInit
                0x000000000800236c       0x1c build/stm32l0xx_hal_msp.o
                0x000000000800236c                HAL_MspInit
 .text.HAL_TIM_Encoder_MspInit
                0x0000000008002388       0x50 build/stm32l0xx_hal_msp.o
                0x0000000008002388                HAL_TIM_Encoder_MspInit
 .text.HAL_UART_MspInit
                0x00000000080023d8       0xa4 build/stm32l0xx_hal_msp.o
                0x00000000080023d8                HAL_UART_MspInit
 .text.NMI_Handler
                0x000000000800247c        0x2 build/stm32l0xx_it.o
                0x000000000800247c                NMI_Handler
 .text.HardFault_Handler
                0x000000000800247e        0x2 build/stm32l0xx_it.o
                0x000000000800247e                HardFault_Handler
 .text.SVC_Handler
                0x0000000008002480        0x2 build/stm32l0xx_it.o
                0x0000000008002480                SVC_Handler
 .text.PendSV_Handler
                0x0000000008002482        0x2 build/stm32l0xx_it.o
                0x0000000008002482                PendSV_Handler
 .text.SysTick_Handler
                0x0000000008002484        0x8 build/stm32l0xx_it.o
                0x0000000008002484                SysTick_Handler
 .text.DMA1_Channel4_5_6_7_IRQHandler
                0x000000000800248c       0x10 build/stm32l0xx_it.o
                0x000000000800248c                DMA1_Channel4_5_6_7_IRQHandler
 .text.USART2_IRQHandler
                0x000000000800249c       0x20 build/stm32l0xx_it.o
                0x000000000800249c                USART2_IRQHandler
 .text.SystemInit
                0x00000000080024bc        0x2 build/system_stm32l0xx.o
                0x00000000080024bc                SystemInit
 .text.write_6302
                0x00000000080024be       0x4a build/vfd.o
                0x00000000080024be                write_6302
 .text.VFD_init
                0x0000000008002508       0x80 build/vfd.o
                0x0000000008002508                VFD_init
 .text.S1201_show
                0x0000000008002588       0x22 build/vfd.o
                0x0000000008002588                S1201_show
 .text.S1201_WriteStr
                0x00000000080025aa       0x36 build/vfd.o
                0x00000000080025aa                S1201_WriteStr
 .text.Reset_Handler
                0x00000000080025e0       0x50 build/startup_stm32l031xx.o
                0x00000000080025e0                Reset_Handler
 .text.Default_Handler
                0x0000000008002630        0x2 build/startup_stm32l031xx.o
                0x0000000008002630                ADC1_COMP_IRQHandler
                0x0000000008002630                PVD_IRQHandler
                0x0000000008002630                I2C1_IRQHandler
                0x0000000008002630                SPI1_IRQHandler
                0x0000000008002630                EXTI2_3_IRQHandler
                0x0000000008002630                RTC_IRQHandler
                0x0000000008002630                EXTI4_15_IRQHandler
                0x0000000008002630                RCC_IRQHandler
                0x0000000008002630                DMA1_Channel1_IRQHandler
                0x0000000008002630                Default_Handler
                0x0000000008002630                TIM22_IRQHandler
                0x0000000008002630                EXTI0_1_IRQHandler
                0x0000000008002630                TIM21_IRQHandler
                0x0000000008002630                WWDG_IRQHandler
                0x0000000008002630                LPUART1_IRQHandler
                0x0000000008002630                TIM2_IRQHandler
                0x0000000008002630                DMA1_Channel2_3_IRQHandler
                0x0000000008002630                FLASH_IRQHandler
                0x0000000008002630                LPTIM1_IRQHandler
 .text.memset   0x0000000008002632       0x10 c:/users/lzh/appdata/roaming/code/user/globalstorage/bmd.stm32-for-vscode/@xpack-dev-tools/arm-none-eabi-gcc/12.2.1-1.2.1/.content/bin/../lib/gcc/arm-none-eabi/12.2.1/../../../../arm-none-eabi/lib/thumb/v6-m/nofp\libc_nano.a(libc_a-memset.o)
                0x0000000008002632                memset
 *fill*         0x0000000008002642        0x2 
 .text.__libc_init_array
                0x0000000008002644       0x48 c:/users/lzh/appdata/roaming/code/user/globalstorage/bmd.stm32-for-vscode/@xpack-dev-tools/arm-none-eabi-gcc/12.2.1-1.2.1/.content/bin/../lib/gcc/arm-none-eabi/12.2.1/../../../../arm-none-eabi/lib/thumb/v6-m/nofp\libc_nano.a(libc_a-init.o)
                0x0000000008002644                __libc_init_array
 .text.__udivmoddi4
                0x000000000800268c      0x198 c:/users/lzh/appdata/roaming/code/user/globalstorage/bmd.stm32-for-vscode/@xpack-dev-tools/arm-none-eabi-gcc/12.2.1-1.2.1/.content/bin/../lib/gcc/arm-none-eabi/12.2.1/thumb/v6-m/nofp\libgcc.a(_udivmoddi4.o)
                0x000000000800268c                __udivmoddi4
 .text.__aeabi_dmul
                0x0000000008002824      0x588 c:/users/lzh/appdata/roaming/code/user/globalstorage/bmd.stm32-for-vscode/@xpack-dev-tools/arm-none-eabi-gcc/12.2.1-1.2.1/.content/bin/../lib/gcc/arm-none-eabi/12.2.1/thumb/v6-m/nofp\libgcc.a(muldf3.o)
                0x0000000008002824                __aeabi_dmul
 .text.__aeabi_d2iz
                0x0000000008002dac       0x78 c:/users/lzh/appdata/roaming/code/user/globalstorage/bmd.stm32-for-vscode/@xpack-dev-tools/arm-none-eabi-gcc/12.2.1-1.2.1/.content/bin/../lib/gcc/arm-none-eabi/12.2.1/thumb/v6-m/nofp\libgcc.a(fixdfsi.o)
                0x0000000008002dac                __aeabi_d2iz
 .text.__aeabi_i2d
                0x0000000008002e24       0x60 c:/users/lzh/appdata/roaming/code/user/globalstorage/bmd.stm32-for-vscode/@xpack-dev-tools/arm-none-eabi-gcc/12.2.1-1.2.1/.content/bin/../lib/gcc/arm-none-eabi/12.2.1/thumb/v6-m/nofp\libgcc.a(floatsidf.o)
                0x0000000008002e24                __aeabi_i2d
 *(.glue_7)
 .glue_7        0x0000000008002e84        0x0 linker stubs
 *(.glue_7t)
 .glue_7t       0x0000000008002e84        0x0 linker stubs
 *(.eh_frame)
 .eh_frame      0x0000000008002e84        0x0 c:/users/lzh/appdata/roaming/code/user/globalstorage/bmd.stm32-for-vscode/@xpack-dev-tools/arm-none-eabi-gcc/12.2.1-1.2.1/.content/bin/../lib/gcc/arm-none-eabi/12.2.1/thumb/v6-m/nofp/crtbegin.o
 *(.init)
 .init          0x0000000008002e84        0x4 c:/users/lzh/appdata/roaming/code/user/globalstorage/bmd.stm32-for-vscode/@xpack-dev-tools/arm-none-eabi-gcc/12.2.1-1.2.1/.content/bin/../lib/gcc/arm-none-eabi/12.2.1/thumb/v6-m/nofp/crti.o
                0x0000000008002e84                _init
 .init          0x0000000008002e88        0x8 c:/users/lzh/appdata/roaming/code/user/globalstorage/bmd.stm32-for-vscode/@xpack-dev-tools/arm-none-eabi-gcc/12.2.1-1.2.1/.content/bin/../lib/gcc/arm-none-eabi/12.2.1/thumb/v6-m/nofp/crtn.o
 *(.fini)
 .fini          0x0000000008002e90        0x4 c:/users/lzh/appdata/roaming/code/user/globalstorage/bmd.stm32-for-vscode/@xpack-dev-tools/arm-none-eabi-gcc/12.2.1-1.2.1/.content/bin/../lib/gcc/arm-none-eabi/12.2.1/thumb/v6-m/nofp/crti.o
                0x0000000008002e90                _fini
 .fini          0x0000000008002e94        0x8 c:/users/lzh/appdata/roaming/code/user/globalstorage/bmd.stm32-for-vscode/@xpack-dev-tools/arm-none-eabi-gcc/12.2.1-1.2.1/.content/bin/../lib/gcc/arm-none-eabi/12.2.1/thumb/v6-m/nofp/crtn.o
                0x0000000008002e9c                . = ALIGN (0x4)
                0x0000000008002e9c                _etext = .

.vfp11_veneer   0x0000000008002e9c        0x0
 .vfp11_veneer  0x0000000008002e9c        0x0 linker stubs

.v4_bx          0x0000000008002e9c        0x0
 .v4_bx         0x0000000008002e9c        0x0 linker stubs

.iplt           0x0000000008002e9c        0x0
 .iplt          0x0000000008002e9c        0x0 c:/users/lzh/appdata/roaming/code/user/globalstorage/bmd.stm32-for-vscode/@xpack-dev-tools/arm-none-eabi-gcc/12.2.1-1.2.1/.content/bin/../lib/gcc/arm-none-eabi/12.2.1/thumb/v6-m/nofp/crtbegin.o

.rodata         0x0000000008002e9c       0xa0
                0x0000000008002e9c                . = ALIGN (0x4)
 *(.rodata)
 .rodata        0x0000000008002e9c       0x16 build/main.o
 *(.rodata*)
 *fill*         0x0000000008002eb2        0x2 
 .rodata.UART_SetConfig
                0x0000000008002eb4       0x48 build/stm32l0xx_hal_uart.o
 .rodata.main.str1.4
                0x0000000008002efc       0x1a build/main.o
 *fill*         0x0000000008002f16        0x2 
 .rodata.PLLMulTable
                0x0000000008002f18        0x9 build/system_stm32l0xx.o
                0x0000000008002f18                PLLMulTable
 *fill*         0x0000000008002f21        0x3 
 .rodata.APBPrescTable
                0x0000000008002f24        0x8 build/system_stm32l0xx.o
                0x0000000008002f24                APBPrescTable
 .rodata.AHBPrescTable
                0x0000000008002f2c       0x10 build/system_stm32l0xx.o
                0x0000000008002f2c                AHBPrescTable
                0x0000000008002f3c                . = ALIGN (0x4)

.ARM.extab      0x0000000008002f3c        0x0
                0x0000000008002f3c                . = ALIGN (0x4)
 *(.ARM.extab* .gnu.linkonce.armextab.*)
                0x0000000008002f3c                . = ALIGN (0x4)

.ARM            0x0000000008002f3c        0x8
                0x0000000008002f3c                . = ALIGN (0x4)
                0x0000000008002f3c                __exidx_start = .
 *(.ARM.exidx*)
 .ARM.exidx.text.__udivmoddi4
                0x0000000008002f3c        0x8 c:/users/lzh/appdata/roaming/code/user/globalstorage/bmd.stm32-for-vscode/@xpack-dev-tools/arm-none-eabi-gcc/12.2.1-1.2.1/.content/bin/../lib/gcc/arm-none-eabi/12.2.1/thumb/v6-m/nofp\libgcc.a(_udivmoddi4.o)
                0x0000000008002f44                __exidx_end = .
                0x0000000008002f44                . = ALIGN (0x4)

.preinit_array  0x0000000008002f44        0x0
                0x0000000008002f44                . = ALIGN (0x4)
                0x0000000008002f44                PROVIDE (__preinit_array_start = .)
 *(.preinit_array*)
                0x0000000008002f44                PROVIDE (__preinit_array_end = .)
                0x0000000008002f44                . = ALIGN (0x4)

.init_array     0x0000000008002f44        0x4
                0x0000000008002f44                . = ALIGN (0x4)
                0x0000000008002f44                PROVIDE (__init_array_start = .)
 *(SORT_BY_NAME(.init_array.*))
 *(.init_array*)
 .init_array    0x0000000008002f44        0x4 c:/users/lzh/appdata/roaming/code/user/globalstorage/bmd.stm32-for-vscode/@xpack-dev-tools/arm-none-eabi-gcc/12.2.1-1.2.1/.content/bin/../lib/gcc/arm-none-eabi/12.2.1/thumb/v6-m/nofp/crtbegin.o
                0x0000000008002f48                PROVIDE (__init_array_end = .)
                0x0000000008002f48                . = ALIGN (0x4)

.fini_array     0x0000000008002f48        0x4
                0x0000000008002f48                . = ALIGN (0x4)
                0x0000000008002f48                PROVIDE (__fini_array_start = .)
 *(SORT_BY_NAME(.fini_array.*))
 *(.fini_array*)
 .fini_array    0x0000000008002f48        0x4 c:/users/lzh/appdata/roaming/code/user/globalstorage/bmd.stm32-for-vscode/@xpack-dev-tools/arm-none-eabi-gcc/12.2.1-1.2.1/.content/bin/../lib/gcc/arm-none-eabi/12.2.1/thumb/v6-m/nofp/crtbegin.o
                0x0000000008002f4c                PROVIDE (__fini_array_end = .)
                0x0000000008002f4c                . = ALIGN (0x4)
                0x0000000008002f4c                _sidata = LOADADDR (.data)

.rel.dyn        0x0000000008002f4c        0x0
 .rel.iplt      0x0000000008002f4c        0x0 c:/users/lzh/appdata/roaming/code/user/globalstorage/bmd.stm32-for-vscode/@xpack-dev-tools/arm-none-eabi-gcc/12.2.1-1.2.1/.content/bin/../lib/gcc/arm-none-eabi/12.2.1/thumb/v6-m/nofp/crtbegin.o

.data           0x0000000020000000        0xc load address 0x0000000008002f4c
                0x0000000020000000                . = ALIGN (0x4)
                0x0000000020000000                _sdata = .
 *(.data)
 *(.data*)
 .data.uwTickFreq
                0x0000000020000000        0x1 build/stm32l0xx_hal.o
                0x0000000020000000                uwTickFreq
 *fill*         0x0000000020000001        0x3 
 .data.uwTickPrio
                0x0000000020000004        0x4 build/stm32l0xx_hal.o
                0x0000000020000004                uwTickPrio
 .data.SystemCoreClock
                0x0000000020000008        0x4 build/system_stm32l0xx.o
                0x0000000020000008                SystemCoreClock
 *(.RamFunc)
 *(.RamFunc*)
                0x000000002000000c                . = ALIGN (0x4)
                0x000000002000000c                _edata = .

.igot.plt       0x000000002000000c        0x0 load address 0x0000000008002f58
 .igot.plt      0x000000002000000c        0x0 c:/users/lzh/appdata/roaming/code/user/globalstorage/bmd.stm32-for-vscode/@xpack-dev-tools/arm-none-eabi-gcc/12.2.1-1.2.1/.content/bin/../lib/gcc/arm-none-eabi/12.2.1/thumb/v6-m/nofp/crtbegin.o
                0x000000002000000c                . = ALIGN (0x4)

.bss            0x000000002000000c      0x148 load address 0x0000000008002f58
                0x000000002000000c                _sbss = .
                0x000000002000000c                __bss_start__ = _sbss
 *(.bss)
 *(.bss*)
 .bss.completed.1
                0x000000002000000c        0x1 c:/users/lzh/appdata/roaming/code/user/globalstorage/bmd.stm32-for-vscode/@xpack-dev-tools/arm-none-eabi-gcc/12.2.1-1.2.1/.content/bin/../lib/gcc/arm-none-eabi/12.2.1/thumb/v6-m/nofp/crtbegin.o
 *fill*         0x000000002000000d        0x3 
 .bss.object.0  0x0000000020000010       0x18 c:/users/lzh/appdata/roaming/code/user/globalstorage/bmd.stm32-for-vscode/@xpack-dev-tools/arm-none-eabi-gcc/12.2.1-1.2.1/.content/bin/../lib/gcc/arm-none-eabi/12.2.1/thumb/v6-m/nofp/crtbegin.o
 .bss.uwTick    0x0000000020000028        0x4 build/stm32l0xx_hal.o
                0x0000000020000028                uwTick
 .bss.ec11_cnt  0x000000002000002c        0x4 build/main.o
                0x000000002000002c                ec11_cnt
 .bss.dir       0x0000000020000030        0x4 build/main.o
                0x0000000020000030                dir
 .bss.rx_buffer
                0x0000000020000034       0x10 build/main.o
                0x0000000020000034                rx_buffer
 .bss.hdma_usart2_rx
                0x0000000020000044       0x48 build/main.o
                0x0000000020000044                hdma_usart2_rx
 .bss.huart2    0x000000002000008c       0x88 build/main.o
                0x000000002000008c                huart2
 .bss.htim2     0x0000000020000114       0x40 build/main.o
                0x0000000020000114                htim2
 *(COMMON)
                0x0000000020000154                . = ALIGN (0x4)
                0x0000000020000154                _ebss = .
                0x0000000020000154                __bss_end__ = _ebss

._user_heap_stack
                0x0000000020000154      0x604 load address 0x0000000008002f58
                0x0000000020000158                . = ALIGN (0x8)
 *fill*         0x0000000020000154        0x4 
                [!provide]                        PROVIDE (end = .)
                0x0000000020000158                PROVIDE (_end = .)
                0x0000000020000358                . = (. + _Min_Heap_Size)
 *fill*         0x0000000020000158      0x200 
                0x0000000020000758                . = (. + _Min_Stack_Size)
 *fill*         0x0000000020000358      0x400 
                0x0000000020000758                . = ALIGN (0x8)

/DISCARD/
 libc.a(*)
 libm.a(*)
 libgcc.a(*)
OUTPUT(build/aaalaoli.elf elf32-littlearm)
LOAD linker stubs
LOAD c:/users/lzh/appdata/roaming/code/user/globalstorage/bmd.stm32-for-vscode/@xpack-dev-tools/arm-none-eabi-gcc/12.2.1-1.2.1/.content/bin/../lib/gcc/arm-none-eabi/12.2.1/../../../../arm-none-eabi/lib/thumb/v6-m/nofp\libc.a
LOAD c:/users/lzh/appdata/roaming/code/user/globalstorage/bmd.stm32-for-vscode/@xpack-dev-tools/arm-none-eabi-gcc/12.2.1-1.2.1/.content/bin/../lib/gcc/arm-none-eabi/12.2.1/../../../../arm-none-eabi/lib/thumb/v6-m/nofp\libm.a
LOAD c:/users/lzh/appdata/roaming/code/user/globalstorage/bmd.stm32-for-vscode/@xpack-dev-tools/arm-none-eabi-gcc/12.2.1-1.2.1/.content/bin/../lib/gcc/arm-none-eabi/12.2.1/thumb/v6-m/nofp\libgcc.a

.ARM.attributes
                0x0000000000000000       0x28
 .ARM.attributes
                0x0000000000000000       0x1e c:/users/lzh/appdata/roaming/code/user/globalstorage/bmd.stm32-for-vscode/@xpack-dev-tools/arm-none-eabi-gcc/12.2.1-1.2.1/.content/bin/../lib/gcc/arm-none-eabi/12.2.1/thumb/v6-m/nofp/crti.o
 .ARM.attributes
                0x000000000000001e       0x2c c:/users/lzh/appdata/roaming/code/user/globalstorage/bmd.stm32-for-vscode/@xpack-dev-tools/arm-none-eabi-gcc/12.2.1-1.2.1/.content/bin/../lib/gcc/arm-none-eabi/12.2.1/thumb/v6-m/nofp/crtbegin.o
 .ARM.attributes
                0x000000000000004a       0x2c build/stm32l0xx_hal.o
 .ARM.attributes
                0x0000000000000076       0x2c build/stm32l0xx_hal_cortex.o
 .ARM.attributes
                0x00000000000000a2       0x2c build/stm32l0xx_hal_dma.o
 .ARM.attributes
                0x00000000000000ce       0x2c build/stm32l0xx_hal_gpio.o
 .ARM.attributes
                0x00000000000000fa       0x2c build/stm32l0xx_hal_rcc.o
 .ARM.attributes
                0x0000000000000126       0x2c build/stm32l0xx_hal_rcc_ex.o
 .ARM.attributes
                0x0000000000000152       0x2c build/stm32l0xx_hal_tim.o
 .ARM.attributes
                0x000000000000017e       0x2c build/stm32l0xx_hal_tim_ex.o
 .ARM.attributes
                0x00000000000001aa       0x2c build/stm32l0xx_hal_uart.o
 .ARM.attributes
                0x00000000000001d6       0x2c build/stm32l0xx_hal_uart_ex.o
 .ARM.attributes
                0x0000000000000202       0x2c build/main.o
 .ARM.attributes
                0x000000000000022e       0x2c build/stm32l0xx_hal_msp.o
 .ARM.attributes
                0x000000000000025a       0x2c build/stm32l0xx_it.o
 .ARM.attributes
                0x0000000000000286       0x2c build/system_stm32l0xx.o
 .ARM.attributes
                0x00000000000002b2       0x2c build/vfd.o
 .ARM.attributes
                0x00000000000002de       0x22 build/startup_stm32l031xx.o
 .ARM.attributes
                0x0000000000000300       0x2c c:/users/lzh/appdata/roaming/code/user/globalstorage/bmd.stm32-for-vscode/@xpack-dev-tools/arm-none-eabi-gcc/12.2.1-1.2.1/.content/bin/../lib/gcc/arm-none-eabi/12.2.1/../../../../arm-none-eabi/lib/thumb/v6-m/nofp\libc_nano.a(libc_a-memset.o)
 .ARM.attributes
                0x000000000000032c       0x2c c:/users/lzh/appdata/roaming/code/user/globalstorage/bmd.stm32-for-vscode/@xpack-dev-tools/arm-none-eabi-gcc/12.2.1-1.2.1/.content/bin/../lib/gcc/arm-none-eabi/12.2.1/../../../../arm-none-eabi/lib/thumb/v6-m/nofp\libc_nano.a(libc_a-init.o)
 .ARM.attributes
                0x0000000000000358       0x1e c:/users/lzh/appdata/roaming/code/user/globalstorage/bmd.stm32-for-vscode/@xpack-dev-tools/arm-none-eabi-gcc/12.2.1-1.2.1/.content/bin/../lib/gcc/arm-none-eabi/12.2.1/thumb/v6-m/nofp\libgcc.a(_udivsi3.o)
 .ARM.attributes
                0x0000000000000376       0x1e c:/users/lzh/appdata/roaming/code/user/globalstorage/bmd.stm32-for-vscode/@xpack-dev-tools/arm-none-eabi-gcc/12.2.1-1.2.1/.content/bin/../lib/gcc/arm-none-eabi/12.2.1/thumb/v6-m/nofp\libgcc.a(_dvmd_tls.o)
 .ARM.attributes
                0x0000000000000394       0x1e c:/users/lzh/appdata/roaming/code/user/globalstorage/bmd.stm32-for-vscode/@xpack-dev-tools/arm-none-eabi-gcc/12.2.1-1.2.1/.content/bin/../lib/gcc/arm-none-eabi/12.2.1/thumb/v6-m/nofp\libgcc.a(_aeabi_uldivmod.o)
 .ARM.attributes
                0x00000000000003b2       0x2c c:/users/lzh/appdata/roaming/code/user/globalstorage/bmd.stm32-for-vscode/@xpack-dev-tools/arm-none-eabi-gcc/12.2.1-1.2.1/.content/bin/../lib/gcc/arm-none-eabi/12.2.1/thumb/v6-m/nofp\libgcc.a(_udivmoddi4.o)
 .ARM.attributes
                0x00000000000003de       0x2c c:/users/lzh/appdata/roaming/code/user/globalstorage/bmd.stm32-for-vscode/@xpack-dev-tools/arm-none-eabi-gcc/12.2.1-1.2.1/.content/bin/../lib/gcc/arm-none-eabi/12.2.1/thumb/v6-m/nofp\libgcc.a(muldf3.o)
 .ARM.attributes
                0x000000000000040a       0x2c c:/users/lzh/appdata/roaming/code/user/globalstorage/bmd.stm32-for-vscode/@xpack-dev-tools/arm-none-eabi-gcc/12.2.1-1.2.1/.content/bin/../lib/gcc/arm-none-eabi/12.2.1/thumb/v6-m/nofp\libgcc.a(fixdfsi.o)
 .ARM.attributes
                0x0000000000000436       0x2c c:/users/lzh/appdata/roaming/code/user/globalstorage/bmd.stm32-for-vscode/@xpack-dev-tools/arm-none-eabi-gcc/12.2.1-1.2.1/.content/bin/../lib/gcc/arm-none-eabi/12.2.1/thumb/v6-m/nofp\libgcc.a(floatsidf.o)
 .ARM.attributes
                0x0000000000000462       0x1e c:/users/lzh/appdata/roaming/code/user/globalstorage/bmd.stm32-for-vscode/@xpack-dev-tools/arm-none-eabi-gcc/12.2.1-1.2.1/.content/bin/../lib/gcc/arm-none-eabi/12.2.1/thumb/v6-m/nofp\libgcc.a(_clzsi2.o)
 .ARM.attributes
                0x0000000000000480       0x1e c:/users/lzh/appdata/roaming/code/user/globalstorage/bmd.stm32-for-vscode/@xpack-dev-tools/arm-none-eabi-gcc/12.2.1-1.2.1/.content/bin/../lib/gcc/arm-none-eabi/12.2.1/thumb/v6-m/nofp\libgcc.a(_clzdi2.o)
 .ARM.attributes
                0x000000000000049e       0x1e c:/users/lzh/appdata/roaming/code/user/globalstorage/bmd.stm32-for-vscode/@xpack-dev-tools/arm-none-eabi-gcc/12.2.1-1.2.1/.content/bin/../lib/gcc/arm-none-eabi/12.2.1/thumb/v6-m/nofp/crtn.o

.comment        0x0000000000000000       0x39
 .comment       0x0000000000000000       0x39 c:/users/lzh/appdata/roaming/code/user/globalstorage/bmd.stm32-for-vscode/@xpack-dev-tools/arm-none-eabi-gcc/12.2.1-1.2.1/.content/bin/../lib/gcc/arm-none-eabi/12.2.1/thumb/v6-m/nofp/crtbegin.o
                                         0x3a (size before relaxing)
 .comment       0x0000000000000039       0x3a build/stm32l0xx_hal.o
 .comment       0x0000000000000039       0x3a build/stm32l0xx_hal_cortex.o
 .comment       0x0000000000000039       0x3a build/stm32l0xx_hal_dma.o
 .comment       0x0000000000000039       0x3a build/stm32l0xx_hal_gpio.o
 .comment       0x0000000000000039       0x3a build/stm32l0xx_hal_rcc.o
 .comment       0x0000000000000039       0x3a build/stm32l0xx_hal_rcc_ex.o
 .comment       0x0000000000000039       0x3a build/stm32l0xx_hal_tim.o
 .comment       0x0000000000000039       0x3a build/stm32l0xx_hal_tim_ex.o
 .comment       0x0000000000000039       0x3a build/stm32l0xx_hal_uart.o
 .comment       0x0000000000000039       0x3a build/stm32l0xx_hal_uart_ex.o
 .comment       0x0000000000000039       0x3a build/main.o
 .comment       0x0000000000000039       0x3a build/stm32l0xx_hal_msp.o
 .comment       0x0000000000000039       0x3a build/stm32l0xx_it.o
 .comment       0x0000000000000039       0x3a build/system_stm32l0xx.o
 .comment       0x0000000000000039       0x3a build/vfd.o
 .comment       0x0000000000000039       0x3a c:/users/lzh/appdata/roaming/code/user/globalstorage/bmd.stm32-for-vscode/@xpack-dev-tools/arm-none-eabi-gcc/12.2.1-1.2.1/.content/bin/../lib/gcc/arm-none-eabi/12.2.1/../../../../arm-none-eabi/lib/thumb/v6-m/nofp\libc_nano.a(libc_a-memset.o)
 .comment       0x0000000000000039       0x3a c:/users/lzh/appdata/roaming/code/user/globalstorage/bmd.stm32-for-vscode/@xpack-dev-tools/arm-none-eabi-gcc/12.2.1-1.2.1/.content/bin/../lib/gcc/arm-none-eabi/12.2.1/../../../../arm-none-eabi/lib/thumb/v6-m/nofp\libc_nano.a(libc_a-init.o)
 .comment       0x0000000000000039       0x3a c:/users/lzh/appdata/roaming/code/user/globalstorage/bmd.stm32-for-vscode/@xpack-dev-tools/arm-none-eabi-gcc/12.2.1-1.2.1/.content/bin/../lib/gcc/arm-none-eabi/12.2.1/thumb/v6-m/nofp\libgcc.a(_udivmoddi4.o)
 .comment       0x0000000000000039       0x3a c:/users/lzh/appdata/roaming/code/user/globalstorage/bmd.stm32-for-vscode/@xpack-dev-tools/arm-none-eabi-gcc/12.2.1-1.2.1/.content/bin/../lib/gcc/arm-none-eabi/12.2.1/thumb/v6-m/nofp\libgcc.a(muldf3.o)
 .comment       0x0000000000000039       0x3a c:/users/lzh/appdata/roaming/code/user/globalstorage/bmd.stm32-for-vscode/@xpack-dev-tools/arm-none-eabi-gcc/12.2.1-1.2.1/.content/bin/../lib/gcc/arm-none-eabi/12.2.1/thumb/v6-m/nofp\libgcc.a(fixdfsi.o)
 .comment       0x0000000000000039       0x3a c:/users/lzh/appdata/roaming/code/user/globalstorage/bmd.stm32-for-vscode/@xpack-dev-tools/arm-none-eabi-gcc/12.2.1-1.2.1/.content/bin/../lib/gcc/arm-none-eabi/12.2.1/thumb/v6-m/nofp\libgcc.a(floatsidf.o)

.debug_info     0x0000000000000000    0x11d96
 .debug_info    0x0000000000000000      0x8ba build/stm32l0xx_hal.o
 .debug_info    0x00000000000008ba      0x78f build/stm32l0xx_hal_cortex.o
 .debug_info    0x0000000000001049      0x834 build/stm32l0xx_hal_dma.o
 .debug_info    0x000000000000187d      0x65e build/stm32l0xx_hal_gpio.o
 .debug_info    0x0000000000001edb      0xc50 build/stm32l0xx_hal_rcc.o
 .debug_info    0x0000000000002b2b      0x500 build/stm32l0xx_hal_rcc_ex.o
 .debug_info    0x000000000000302b     0x394e build/stm32l0xx_hal_tim.o
 .debug_info    0x0000000000006979      0x6c5 build/stm32l0xx_hal_tim_ex.o
 .debug_info    0x000000000000703e     0x501a build/stm32l0xx_hal_uart.o
 .debug_info    0x000000000000c058      0xfe3 build/stm32l0xx_hal_uart_ex.o
 .debug_info    0x000000000000d03b     0x1b34 build/main.o
 .debug_info    0x000000000000eb6f      0xf02 build/stm32l0xx_hal_msp.o
 .debug_info    0x000000000000fa71      0x783 build/stm32l0xx_it.o
 .debug_info    0x00000000000101f4      0x309 build/system_stm32l0xx.o
 .debug_info    0x00000000000104fd      0x7b6 build/vfd.o
 .debug_info    0x0000000000010cb3       0x2e build/startup_stm32l031xx.o
 .debug_info    0x0000000000010ce1       0x3b c:/users/lzh/appdata/roaming/code/user/globalstorage/bmd.stm32-for-vscode/@xpack-dev-tools/arm-none-eabi-gcc/12.2.1-1.2.1/.content/bin/../lib/gcc/arm-none-eabi/12.2.1/thumb/v6-m/nofp\libgcc.a(_udivsi3.o)
 .debug_info    0x0000000000010d1c       0x39 c:/users/lzh/appdata/roaming/code/user/globalstorage/bmd.stm32-for-vscode/@xpack-dev-tools/arm-none-eabi-gcc/12.2.1-1.2.1/.content/bin/../lib/gcc/arm-none-eabi/12.2.1/thumb/v6-m/nofp\libgcc.a(_dvmd_tls.o)
 .debug_info    0x0000000000010d55       0x2f c:/users/lzh/appdata/roaming/code/user/globalstorage/bmd.stm32-for-vscode/@xpack-dev-tools/arm-none-eabi-gcc/12.2.1-1.2.1/.content/bin/../lib/gcc/arm-none-eabi/12.2.1/thumb/v6-m/nofp\libgcc.a(_aeabi_uldivmod.o)
 .debug_info    0x0000000000010d84      0x3ab c:/users/lzh/appdata/roaming/code/user/globalstorage/bmd.stm32-for-vscode/@xpack-dev-tools/arm-none-eabi-gcc/12.2.1-1.2.1/.content/bin/../lib/gcc/arm-none-eabi/12.2.1/thumb/v6-m/nofp\libgcc.a(_udivmoddi4.o)
 .debug_info    0x000000000001112f      0x7b5 c:/users/lzh/appdata/roaming/code/user/globalstorage/bmd.stm32-for-vscode/@xpack-dev-tools/arm-none-eabi-gcc/12.2.1-1.2.1/.content/bin/../lib/gcc/arm-none-eabi/12.2.1/thumb/v6-m/nofp\libgcc.a(muldf3.o)
 .debug_info    0x00000000000118e4      0x1d0 c:/users/lzh/appdata/roaming/code/user/globalstorage/bmd.stm32-for-vscode/@xpack-dev-tools/arm-none-eabi-gcc/12.2.1-1.2.1/.content/bin/../lib/gcc/arm-none-eabi/12.2.1/thumb/v6-m/nofp\libgcc.a(fixdfsi.o)
 .debug_info    0x0000000000011ab4      0x28f c:/users/lzh/appdata/roaming/code/user/globalstorage/bmd.stm32-for-vscode/@xpack-dev-tools/arm-none-eabi-gcc/12.2.1-1.2.1/.content/bin/../lib/gcc/arm-none-eabi/12.2.1/thumb/v6-m/nofp\libgcc.a(floatsidf.o)
 .debug_info    0x0000000000011d43       0x2f c:/users/lzh/appdata/roaming/code/user/globalstorage/bmd.stm32-for-vscode/@xpack-dev-tools/arm-none-eabi-gcc/12.2.1-1.2.1/.content/bin/../lib/gcc/arm-none-eabi/12.2.1/thumb/v6-m/nofp\libgcc.a(_clzsi2.o)
 .debug_info    0x0000000000011d72       0x24 c:/users/lzh/appdata/roaming/code/user/globalstorage/bmd.stm32-for-vscode/@xpack-dev-tools/arm-none-eabi-gcc/12.2.1-1.2.1/.content/bin/../lib/gcc/arm-none-eabi/12.2.1/thumb/v6-m/nofp\libgcc.a(_clzdi2.o)

.debug_abbrev   0x0000000000000000     0x2887
 .debug_abbrev  0x0000000000000000      0x2a2 build/stm32l0xx_hal.o
 .debug_abbrev  0x00000000000002a2      0x2d0 build/stm32l0xx_hal_cortex.o
 .debug_abbrev  0x0000000000000572      0x1fc build/stm32l0xx_hal_dma.o
 .debug_abbrev  0x000000000000076e      0x1e6 build/stm32l0xx_hal_gpio.o
 .debug_abbrev  0x0000000000000954      0x2c6 build/stm32l0xx_hal_rcc.o
 .debug_abbrev  0x0000000000000c1a      0x1de build/stm32l0xx_hal_rcc_ex.o
 .debug_abbrev  0x0000000000000df8      0x26a build/stm32l0xx_hal_tim.o
 .debug_abbrev  0x0000000000001062      0x1d0 build/stm32l0xx_hal_tim_ex.o
 .debug_abbrev  0x0000000000001232      0x31c build/stm32l0xx_hal_uart.o
 .debug_abbrev  0x000000000000154e      0x326 build/stm32l0xx_hal_uart_ex.o
 .debug_abbrev  0x0000000000001874      0x332 build/main.o
 .debug_abbrev  0x0000000000001ba6      0x248 build/stm32l0xx_hal_msp.o
 .debug_abbrev  0x0000000000001dee      0x1d5 build/stm32l0xx_it.o
 .debug_abbrev  0x0000000000001fc3      0x136 build/system_stm32l0xx.o
 .debug_abbrev  0x00000000000020f9      0x173 build/vfd.o
 .debug_abbrev  0x000000000000226c       0x1d build/startup_stm32l031xx.o
 .debug_abbrev  0x0000000000002289       0x21 c:/users/lzh/appdata/roaming/code/user/globalstorage/bmd.stm32-for-vscode/@xpack-dev-tools/arm-none-eabi-gcc/12.2.1-1.2.1/.content/bin/../lib/gcc/arm-none-eabi/12.2.1/thumb/v6-m/nofp\libgcc.a(_udivsi3.o)
 .debug_abbrev  0x00000000000022aa       0x1f c:/users/lzh/appdata/roaming/code/user/globalstorage/bmd.stm32-for-vscode/@xpack-dev-tools/arm-none-eabi-gcc/12.2.1-1.2.1/.content/bin/../lib/gcc/arm-none-eabi/12.2.1/thumb/v6-m/nofp\libgcc.a(_dvmd_tls.o)
 .debug_abbrev  0x00000000000022c9       0x21 c:/users/lzh/appdata/roaming/code/user/globalstorage/bmd.stm32-for-vscode/@xpack-dev-tools/arm-none-eabi-gcc/12.2.1-1.2.1/.content/bin/../lib/gcc/arm-none-eabi/12.2.1/thumb/v6-m/nofp\libgcc.a(_aeabi_uldivmod.o)
 .debug_abbrev  0x00000000000022ea      0x120 c:/users/lzh/appdata/roaming/code/user/globalstorage/bmd.stm32-for-vscode/@xpack-dev-tools/arm-none-eabi-gcc/12.2.1-1.2.1/.content/bin/../lib/gcc/arm-none-eabi/12.2.1/thumb/v6-m/nofp\libgcc.a(_udivmoddi4.o)
 .debug_abbrev  0x000000000000240a      0x17d c:/users/lzh/appdata/roaming/code/user/globalstorage/bmd.stm32-for-vscode/@xpack-dev-tools/arm-none-eabi-gcc/12.2.1-1.2.1/.content/bin/../lib/gcc/arm-none-eabi/12.2.1/thumb/v6-m/nofp\libgcc.a(muldf3.o)
 .debug_abbrev  0x0000000000002587      0x153 c:/users/lzh/appdata/roaming/code/user/globalstorage/bmd.stm32-for-vscode/@xpack-dev-tools/arm-none-eabi-gcc/12.2.1-1.2.1/.content/bin/../lib/gcc/arm-none-eabi/12.2.1/thumb/v6-m/nofp\libgcc.a(fixdfsi.o)
 .debug_abbrev  0x00000000000026da      0x178 c:/users/lzh/appdata/roaming/code/user/globalstorage/bmd.stm32-for-vscode/@xpack-dev-tools/arm-none-eabi-gcc/12.2.1-1.2.1/.content/bin/../lib/gcc/arm-none-eabi/12.2.1/thumb/v6-m/nofp\libgcc.a(floatsidf.o)
 .debug_abbrev  0x0000000000002852       0x21 c:/users/lzh/appdata/roaming/code/user/globalstorage/bmd.stm32-for-vscode/@xpack-dev-tools/arm-none-eabi-gcc/12.2.1-1.2.1/.content/bin/../lib/gcc/arm-none-eabi/12.2.1/thumb/v6-m/nofp\libgcc.a(_clzsi2.o)
 .debug_abbrev  0x0000000000002873       0x14 c:/users/lzh/appdata/roaming/code/user/globalstorage/bmd.stm32-for-vscode/@xpack-dev-tools/arm-none-eabi-gcc/12.2.1-1.2.1/.content/bin/../lib/gcc/arm-none-eabi/12.2.1/thumb/v6-m/nofp\libgcc.a(_clzdi2.o)

.debug_loclists
                0x0000000000000000     0x867b
 .debug_loclists
                0x0000000000000000       0xe6 build/stm32l0xx_hal.o
 .debug_loclists
                0x00000000000000e6      0x1ae build/stm32l0xx_hal_cortex.o
 .debug_loclists
                0x0000000000000294      0x540 build/stm32l0xx_hal_dma.o
 .debug_loclists
                0x00000000000007d4      0x27f build/stm32l0xx_hal_gpio.o
 .debug_loclists
                0x0000000000000a53      0x4b4 build/stm32l0xx_hal_rcc.o
 .debug_loclists
                0x0000000000000f07      0x385 build/stm32l0xx_hal_rcc_ex.o
 .debug_loclists
                0x000000000000128c     0x324b build/stm32l0xx_hal_tim.o
 .debug_loclists
                0x00000000000044d7       0x84 build/stm32l0xx_hal_tim_ex.o
 .debug_loclists
                0x000000000000455b     0x22da build/stm32l0xx_hal_uart.o
 .debug_loclists
                0x0000000000006835      0x6a2 build/stm32l0xx_hal_uart_ex.o
 .debug_loclists
                0x0000000000006ed7       0xf9 build/main.o
 .debug_loclists
                0x0000000000006fd0       0xab build/stm32l0xx_hal_msp.o
 .debug_loclists
                0x000000000000707b      0x157 build/system_stm32l0xx.o
 .debug_loclists
                0x00000000000071d2       0xf5 build/vfd.o
 .debug_loclists
                0x00000000000072c7      0x2b8 c:/users/lzh/appdata/roaming/code/user/globalstorage/bmd.stm32-for-vscode/@xpack-dev-tools/arm-none-eabi-gcc/12.2.1-1.2.1/.content/bin/../lib/gcc/arm-none-eabi/12.2.1/thumb/v6-m/nofp\libgcc.a(_udivmoddi4.o)
 .debug_loclists
                0x000000000000757f      0xe3e c:/users/lzh/appdata/roaming/code/user/globalstorage/bmd.stm32-for-vscode/@xpack-dev-tools/arm-none-eabi-gcc/12.2.1-1.2.1/.content/bin/../lib/gcc/arm-none-eabi/12.2.1/thumb/v6-m/nofp\libgcc.a(muldf3.o)
 .debug_loclists
                0x00000000000083bd      0x10b c:/users/lzh/appdata/roaming/code/user/globalstorage/bmd.stm32-for-vscode/@xpack-dev-tools/arm-none-eabi-gcc/12.2.1-1.2.1/.content/bin/../lib/gcc/arm-none-eabi/12.2.1/thumb/v6-m/nofp\libgcc.a(fixdfsi.o)
 .debug_loclists
                0x00000000000084c8      0x1b3 c:/users/lzh/appdata/roaming/code/user/globalstorage/bmd.stm32-for-vscode/@xpack-dev-tools/arm-none-eabi-gcc/12.2.1-1.2.1/.content/bin/../lib/gcc/arm-none-eabi/12.2.1/thumb/v6-m/nofp\libgcc.a(floatsidf.o)

.debug_aranges  0x0000000000000000      0xcb0
 .debug_aranges
                0x0000000000000000      0x110 build/stm32l0xx_hal.o
 .debug_aranges
                0x0000000000000110       0x98 build/stm32l0xx_hal_cortex.o
 .debug_aranges
                0x00000000000001a8       0x80 build/stm32l0xx_hal_dma.o
 .debug_aranges
                0x0000000000000228       0x58 build/stm32l0xx_hal_gpio.o
 .debug_aranges
                0x0000000000000280       0x80 build/stm32l0xx_hal_rcc.o
 .debug_aranges
                0x0000000000000300       0x58 build/stm32l0xx_hal_rcc_ex.o
 .debug_aranges
                0x0000000000000358      0x3d0 build/stm32l0xx_hal_tim.o
 .debug_aranges
                0x0000000000000728       0x28 build/stm32l0xx_hal_tim_ex.o
 .debug_aranges
                0x0000000000000750      0x228 build/stm32l0xx_hal_uart.o
 .debug_aranges
                0x0000000000000978       0x80 build/stm32l0xx_hal_uart_ex.o
 .debug_aranges
                0x00000000000009f8       0x60 build/main.o
 .debug_aranges
                0x0000000000000a58       0x40 build/stm32l0xx_hal_msp.o
 .debug_aranges
                0x0000000000000a98       0x50 build/stm32l0xx_it.o
 .debug_aranges
                0x0000000000000ae8       0x28 build/system_stm32l0xx.o
 .debug_aranges
                0x0000000000000b10       0x58 build/vfd.o
 .debug_aranges
                0x0000000000000b68       0x28 build/startup_stm32l031xx.o
 .debug_aranges
                0x0000000000000b90       0x20 c:/users/lzh/appdata/roaming/code/user/globalstorage/bmd.stm32-for-vscode/@xpack-dev-tools/arm-none-eabi-gcc/12.2.1-1.2.1/.content/bin/../lib/gcc/arm-none-eabi/12.2.1/thumb/v6-m/nofp\libgcc.a(_udivsi3.o)
 .debug_aranges
                0x0000000000000bb0       0x20 c:/users/lzh/appdata/roaming/code/user/globalstorage/bmd.stm32-for-vscode/@xpack-dev-tools/arm-none-eabi-gcc/12.2.1-1.2.1/.content/bin/../lib/gcc/arm-none-eabi/12.2.1/thumb/v6-m/nofp\libgcc.a(_dvmd_tls.o)
 .debug_aranges
                0x0000000000000bd0       0x20 c:/users/lzh/appdata/roaming/code/user/globalstorage/bmd.stm32-for-vscode/@xpack-dev-tools/arm-none-eabi-gcc/12.2.1-1.2.1/.content/bin/../lib/gcc/arm-none-eabi/12.2.1/thumb/v6-m/nofp\libgcc.a(_aeabi_uldivmod.o)
 .debug_aranges
                0x0000000000000bf0       0x20 c:/users/lzh/appdata/roaming/code/user/globalstorage/bmd.stm32-for-vscode/@xpack-dev-tools/arm-none-eabi-gcc/12.2.1-1.2.1/.content/bin/../lib/gcc/arm-none-eabi/12.2.1/thumb/v6-m/nofp\libgcc.a(_udivmoddi4.o)
 .debug_aranges
                0x0000000000000c10       0x20 c:/users/lzh/appdata/roaming/code/user/globalstorage/bmd.stm32-for-vscode/@xpack-dev-tools/arm-none-eabi-gcc/12.2.1-1.2.1/.content/bin/../lib/gcc/arm-none-eabi/12.2.1/thumb/v6-m/nofp\libgcc.a(muldf3.o)
 .debug_aranges
                0x0000000000000c30       0x20 c:/users/lzh/appdata/roaming/code/user/globalstorage/bmd.stm32-for-vscode/@xpack-dev-tools/arm-none-eabi-gcc/12.2.1-1.2.1/.content/bin/../lib/gcc/arm-none-eabi/12.2.1/thumb/v6-m/nofp\libgcc.a(fixdfsi.o)
 .debug_aranges
                0x0000000000000c50       0x20 c:/users/lzh/appdata/roaming/code/user/globalstorage/bmd.stm32-for-vscode/@xpack-dev-tools/arm-none-eabi-gcc/12.2.1-1.2.1/.content/bin/../lib/gcc/arm-none-eabi/12.2.1/thumb/v6-m/nofp\libgcc.a(floatsidf.o)
 .debug_aranges
                0x0000000000000c70       0x20 c:/users/lzh/appdata/roaming/code/user/globalstorage/bmd.stm32-for-vscode/@xpack-dev-tools/arm-none-eabi-gcc/12.2.1-1.2.1/.content/bin/../lib/gcc/arm-none-eabi/12.2.1/thumb/v6-m/nofp\libgcc.a(_clzsi2.o)
 .debug_aranges
                0x0000000000000c90       0x20 c:/users/lzh/appdata/roaming/code/user/globalstorage/bmd.stm32-for-vscode/@xpack-dev-tools/arm-none-eabi-gcc/12.2.1-1.2.1/.content/bin/../lib/gcc/arm-none-eabi/12.2.1/thumb/v6-m/nofp\libgcc.a(_clzdi2.o)

.debug_rnglists
                0x0000000000000000      0xad3
 .debug_rnglists
                0x0000000000000000       0xc7 build/stm32l0xx_hal.o
 .debug_rnglists
                0x00000000000000c7       0x79 build/stm32l0xx_hal_cortex.o
 .debug_rnglists
                0x0000000000000140       0x5e build/stm32l0xx_hal_dma.o
 .debug_rnglists
                0x000000000000019e       0x3f build/stm32l0xx_hal_gpio.o
 .debug_rnglists
                0x00000000000001dd       0x7e build/stm32l0xx_hal_rcc.o
 .debug_rnglists
                0x000000000000025b       0x3f build/stm32l0xx_hal_rcc_ex.o
 .debug_rnglists
                0x000000000000029a      0x2f8 build/stm32l0xx_hal_tim.o
 .debug_rnglists
                0x0000000000000592       0x19 build/stm32l0xx_hal_tim_ex.o
 .debug_rnglists
                0x00000000000005ab      0x1b1 build/stm32l0xx_hal_uart.o
 .debug_rnglists
                0x000000000000075c       0x76 build/stm32l0xx_hal_uart_ex.o
 .debug_rnglists
                0x00000000000007d2       0x47 build/main.o
 .debug_rnglists
                0x0000000000000819       0x2c build/stm32l0xx_hal_msp.o
 .debug_rnglists
                0x0000000000000845       0x37 build/stm32l0xx_it.o
 .debug_rnglists
                0x000000000000087c       0x1a build/system_stm32l0xx.o
 .debug_rnglists
                0x0000000000000896       0x3f build/vfd.o
 .debug_rnglists
                0x00000000000008d5       0x19 build/startup_stm32l031xx.o
 .debug_rnglists
                0x00000000000008ee       0x14 c:/users/lzh/appdata/roaming/code/user/globalstorage/bmd.stm32-for-vscode/@xpack-dev-tools/arm-none-eabi-gcc/12.2.1-1.2.1/.content/bin/../lib/gcc/arm-none-eabi/12.2.1/thumb/v6-m/nofp\libgcc.a(_udivmoddi4.o)
 .debug_rnglists
                0x0000000000000902      0x151 c:/users/lzh/appdata/roaming/code/user/globalstorage/bmd.stm32-for-vscode/@xpack-dev-tools/arm-none-eabi-gcc/12.2.1-1.2.1/.content/bin/../lib/gcc/arm-none-eabi/12.2.1/thumb/v6-m/nofp\libgcc.a(muldf3.o)
 .debug_rnglists
                0x0000000000000a53       0x31 c:/users/lzh/appdata/roaming/code/user/globalstorage/bmd.stm32-for-vscode/@xpack-dev-tools/arm-none-eabi-gcc/12.2.1-1.2.1/.content/bin/../lib/gcc/arm-none-eabi/12.2.1/thumb/v6-m/nofp\libgcc.a(fixdfsi.o)
 .debug_rnglists
                0x0000000000000a84       0x4f c:/users/lzh/appdata/roaming/code/user/globalstorage/bmd.stm32-for-vscode/@xpack-dev-tools/arm-none-eabi-gcc/12.2.1-1.2.1/.content/bin/../lib/gcc/arm-none-eabi/12.2.1/thumb/v6-m/nofp\libgcc.a(floatsidf.o)

.debug_line     0x0000000000000000     0xef13
 .debug_line    0x0000000000000000      0x6aa build/stm32l0xx_hal.o
 .debug_line    0x00000000000006aa      0x5cb build/stm32l0xx_hal_cortex.o
 .debug_line    0x0000000000000c75      0xa64 build/stm32l0xx_hal_dma.o
 .debug_line    0x00000000000016d9      0x72a build/stm32l0xx_hal_gpio.o
 .debug_line    0x0000000000001e03      0xe2b build/stm32l0xx_hal_rcc.o
 .debug_line    0x0000000000002c2e      0x723 build/stm32l0xx_hal_rcc_ex.o
 .debug_line    0x0000000000003351     0x4373 build/stm32l0xx_hal_tim.o
 .debug_line    0x00000000000076c4      0x395 build/stm32l0xx_hal_tim_ex.o
 .debug_line    0x0000000000007a59     0x4015 build/stm32l0xx_hal_uart.o
 .debug_line    0x000000000000ba6e      0xb96 build/stm32l0xx_hal_uart_ex.o
 .debug_line    0x000000000000c604      0x86c build/main.o
 .debug_line    0x000000000000ce70      0x435 build/stm32l0xx_hal_msp.o
 .debug_line    0x000000000000d2a5      0x320 build/stm32l0xx_it.o
 .debug_line    0x000000000000d5c5      0x2f5 build/system_stm32l0xx.o
 .debug_line    0x000000000000d8ba      0x497 build/vfd.o
 .debug_line    0x000000000000dd51       0x77 build/startup_stm32l031xx.o
 .debug_line    0x000000000000ddc8       0x56 c:/users/lzh/appdata/roaming/code/user/globalstorage/bmd.stm32-for-vscode/@xpack-dev-tools/arm-none-eabi-gcc/12.2.1-1.2.1/.content/bin/../lib/gcc/arm-none-eabi/12.2.1/thumb/v6-m/nofp\libgcc.a(_udivsi3.o)
 .debug_line    0x000000000000de1e       0x4a c:/users/lzh/appdata/roaming/code/user/globalstorage/bmd.stm32-for-vscode/@xpack-dev-tools/arm-none-eabi-gcc/12.2.1-1.2.1/.content/bin/../lib/gcc/arm-none-eabi/12.2.1/thumb/v6-m/nofp\libgcc.a(_dvmd_tls.o)
 .debug_line    0x000000000000de68       0x55 c:/users/lzh/appdata/roaming/code/user/globalstorage/bmd.stm32-for-vscode/@xpack-dev-tools/arm-none-eabi-gcc/12.2.1-1.2.1/.content/bin/../lib/gcc/arm-none-eabi/12.2.1/thumb/v6-m/nofp\libgcc.a(_aeabi_uldivmod.o)
 .debug_line    0x000000000000debd      0x1f7 c:/users/lzh/appdata/roaming/code/user/globalstorage/bmd.stm32-for-vscode/@xpack-dev-tools/arm-none-eabi-gcc/12.2.1-1.2.1/.content/bin/../lib/gcc/arm-none-eabi/12.2.1/thumb/v6-m/nofp\libgcc.a(_udivmoddi4.o)
 .debug_line    0x000000000000e0b4      0xa2e c:/users/lzh/appdata/roaming/code/user/globalstorage/bmd.stm32-for-vscode/@xpack-dev-tools/arm-none-eabi-gcc/12.2.1-1.2.1/.content/bin/../lib/gcc/arm-none-eabi/12.2.1/thumb/v6-m/nofp\libgcc.a(muldf3.o)
 .debug_line    0x000000000000eae2      0x182 c:/users/lzh/appdata/roaming/code/user/globalstorage/bmd.stm32-for-vscode/@xpack-dev-tools/arm-none-eabi-gcc/12.2.1-1.2.1/.content/bin/../lib/gcc/arm-none-eabi/12.2.1/thumb/v6-m/nofp\libgcc.a(fixdfsi.o)
 .debug_line    0x000000000000ec64      0x1fd c:/users/lzh/appdata/roaming/code/user/globalstorage/bmd.stm32-for-vscode/@xpack-dev-tools/arm-none-eabi-gcc/12.2.1-1.2.1/.content/bin/../lib/gcc/arm-none-eabi/12.2.1/thumb/v6-m/nofp\libgcc.a(floatsidf.o)
 .debug_line    0x000000000000ee61       0x5e c:/users/lzh/appdata/roaming/code/user/globalstorage/bmd.stm32-for-vscode/@xpack-dev-tools/arm-none-eabi-gcc/12.2.1-1.2.1/.content/bin/../lib/gcc/arm-none-eabi/12.2.1/thumb/v6-m/nofp\libgcc.a(_clzsi2.o)
 .debug_line    0x000000000000eebf       0x54 c:/users/lzh/appdata/roaming/code/user/globalstorage/bmd.stm32-for-vscode/@xpack-dev-tools/arm-none-eabi-gcc/12.2.1-1.2.1/.content/bin/../lib/gcc/arm-none-eabi/12.2.1/thumb/v6-m/nofp\libgcc.a(_clzdi2.o)

.debug_str      0x0000000000000000     0x42f1
 .debug_str     0x0000000000000000      0x795 build/stm32l0xx_hal.o
                                        0x7e4 (size before relaxing)
 .debug_str     0x0000000000000795      0x28d build/stm32l0xx_hal_cortex.o
                                        0x589 (size before relaxing)
 .debug_str     0x0000000000000a22      0x41d build/stm32l0xx_hal_dma.o
                                        0x60f (size before relaxing)
 .debug_str     0x0000000000000e3f      0x1a1 build/stm32l0xx_hal_gpio.o
                                        0x41b (size before relaxing)
 .debug_str     0x0000000000000fe0      0x363 build/stm32l0xx_hal_rcc.o
                                        0x697 (size before relaxing)
 .debug_str     0x0000000000001343      0x1d7 build/stm32l0xx_hal_rcc_ex.o
                                        0x491 (size before relaxing)
 .debug_str     0x000000000000151a     0x1135 build/stm32l0xx_hal_tim.o
                                       0x1565 (size before relaxing)
 .debug_str     0x000000000000264f       0xc4 build/stm32l0xx_hal_tim_ex.o
                                        0x70a (size before relaxing)
 .debug_str     0x0000000000002713      0xa03 build/stm32l0xx_hal_uart.o
                                        0xf3e (size before relaxing)
 .debug_str     0x0000000000003116      0x1f4 build/stm32l0xx_hal_uart_ex.o
                                        0x902 (size before relaxing)
 .debug_str     0x000000000000330a      0x2e9 build/main.o
                                       0x1227 (size before relaxing)
 .debug_str     0x00000000000035f3       0x25 build/stm32l0xx_hal_msp.o
                                        0xc13 (size before relaxing)
 .debug_str     0x0000000000003618       0x8d build/stm32l0xx_it.o
                                        0x6b0 (size before relaxing)
 .debug_str     0x00000000000036a5       0x59 build/system_stm32l0xx.o
                                        0x296 (size before relaxing)
 .debug_str     0x00000000000036fe       0x53 build/vfd.o
                                        0x254 (size before relaxing)
 .debug_str     0x0000000000003751       0x32 build/startup_stm32l031xx.o
                                         0x4d (size before relaxing)
 .debug_str     0x0000000000003783      0x12d c:/users/lzh/appdata/roaming/code/user/globalstorage/bmd.stm32-for-vscode/@xpack-dev-tools/arm-none-eabi-gcc/12.2.1-1.2.1/.content/bin/../lib/gcc/arm-none-eabi/12.2.1/thumb/v6-m/nofp\libgcc.a(_udivsi3.o)
                                        0x13b (size before relaxing)
 .debug_str     0x00000000000038b0       0x1c c:/users/lzh/appdata/roaming/code/user/globalstorage/bmd.stm32-for-vscode/@xpack-dev-tools/arm-none-eabi-gcc/12.2.1-1.2.1/.content/bin/../lib/gcc/arm-none-eabi/12.2.1/thumb/v6-m/nofp\libgcc.a(_dvmd_tls.o)
                                        0x13c (size before relaxing)
 .debug_str     0x00000000000038cc       0x6f c:/users/lzh/appdata/roaming/code/user/globalstorage/bmd.stm32-for-vscode/@xpack-dev-tools/arm-none-eabi-gcc/12.2.1-1.2.1/.content/bin/../lib/gcc/arm-none-eabi/12.2.1/thumb/v6-m/nofp\libgcc.a(_aeabi_uldivmod.o)
                                        0x131 (size before relaxing)
 .debug_str     0x000000000000393b      0x5a0 c:/users/lzh/appdata/roaming/code/user/globalstorage/bmd.stm32-for-vscode/@xpack-dev-tools/arm-none-eabi-gcc/12.2.1-1.2.1/.content/bin/../lib/gcc/arm-none-eabi/12.2.1/thumb/v6-m/nofp\libgcc.a(_udivmoddi4.o)
                                        0x6e5 (size before relaxing)
 .debug_str     0x0000000000003edb      0x33c c:/users/lzh/appdata/roaming/code/user/globalstorage/bmd.stm32-for-vscode/@xpack-dev-tools/arm-none-eabi-gcc/12.2.1-1.2.1/.content/bin/../lib/gcc/arm-none-eabi/12.2.1/thumb/v6-m/nofp\libgcc.a(muldf3.o)
                                        0x472 (size before relaxing)
 .debug_str     0x0000000000004217       0x1d c:/users/lzh/appdata/roaming/code/user/globalstorage/bmd.stm32-for-vscode/@xpack-dev-tools/arm-none-eabi-gcc/12.2.1-1.2.1/.content/bin/../lib/gcc/arm-none-eabi/12.2.1/thumb/v6-m/nofp\libgcc.a(fixdfsi.o)
                                        0x265 (size before relaxing)
 .debug_str     0x0000000000004234       0xbd c:/users/lzh/appdata/roaming/code/user/globalstorage/bmd.stm32-for-vscode/@xpack-dev-tools/arm-none-eabi-gcc/12.2.1-1.2.1/.content/bin/../lib/gcc/arm-none-eabi/12.2.1/thumb/v6-m/nofp\libgcc.a(floatsidf.o)
                                        0x306 (size before relaxing)
 .debug_str     0x00000000000042f1      0x129 c:/users/lzh/appdata/roaming/code/user/globalstorage/bmd.stm32-for-vscode/@xpack-dev-tools/arm-none-eabi-gcc/12.2.1-1.2.1/.content/bin/../lib/gcc/arm-none-eabi/12.2.1/thumb/v6-m/nofp\libgcc.a(_clzsi2.o)
 .debug_str     0x00000000000042f1      0x120 c:/users/lzh/appdata/roaming/code/user/globalstorage/bmd.stm32-for-vscode/@xpack-dev-tools/arm-none-eabi-gcc/12.2.1-1.2.1/.content/bin/../lib/gcc/arm-none-eabi/12.2.1/thumb/v6-m/nofp\libgcc.a(_clzdi2.o)

.debug_frame    0x0000000000000000     0x1e08
 .debug_frame   0x0000000000000000      0x22c build/stm32l0xx_hal.o
 .debug_frame   0x000000000000022c      0x144 build/stm32l0xx_hal_cortex.o
 .debug_frame   0x0000000000000370      0x150 build/stm32l0xx_hal_dma.o
 .debug_frame   0x00000000000004c0       0xc0 build/stm32l0xx_hal_gpio.o
 .debug_frame   0x0000000000000580      0x140 build/stm32l0xx_hal_rcc.o
 .debug_frame   0x00000000000006c0       0xac build/stm32l0xx_hal_rcc_ex.o
 .debug_frame   0x000000000000076c      0xad0 build/stm32l0xx_hal_tim.o
 .debug_frame   0x000000000000123c       0x3c build/stm32l0xx_hal_tim_ex.o
 .debug_frame   0x0000000000001278      0x630 build/stm32l0xx_hal_uart.o
 .debug_frame   0x00000000000018a8      0x158 build/stm32l0xx_hal_uart_ex.o
 .debug_frame   0x0000000000001a00       0xec build/main.o
 .debug_frame   0x0000000000001aec       0x88 build/stm32l0xx_hal_msp.o
 .debug_frame   0x0000000000001b74       0x98 build/stm32l0xx_it.o
 .debug_frame   0x0000000000001c0c       0x38 build/system_stm32l0xx.o
 .debug_frame   0x0000000000001c44       0xd0 build/vfd.o
 .debug_frame   0x0000000000001d14       0x20 c:/users/lzh/appdata/roaming/code/user/globalstorage/bmd.stm32-for-vscode/@xpack-dev-tools/arm-none-eabi-gcc/12.2.1-1.2.1/.content/bin/../lib/gcc/arm-none-eabi/12.2.1/thumb/v6-m/nofp\libgcc.a(_udivsi3.o)
 .debug_frame   0x0000000000001d34       0x3c c:/users/lzh/appdata/roaming/code/user/globalstorage/bmd.stm32-for-vscode/@xpack-dev-tools/arm-none-eabi-gcc/12.2.1-1.2.1/.content/bin/../lib/gcc/arm-none-eabi/12.2.1/thumb/v6-m/nofp\libgcc.a(_udivmoddi4.o)
 .debug_frame   0x0000000000001d70       0x3c c:/users/lzh/appdata/roaming/code/user/globalstorage/bmd.stm32-for-vscode/@xpack-dev-tools/arm-none-eabi-gcc/12.2.1-1.2.1/.content/bin/../lib/gcc/arm-none-eabi/12.2.1/thumb/v6-m/nofp\libgcc.a(muldf3.o)
 .debug_frame   0x0000000000001dac       0x30 c:/users/lzh/appdata/roaming/code/user/globalstorage/bmd.stm32-for-vscode/@xpack-dev-tools/arm-none-eabi-gcc/12.2.1-1.2.1/.content/bin/../lib/gcc/arm-none-eabi/12.2.1/thumb/v6-m/nofp\libgcc.a(fixdfsi.o)
 .debug_frame   0x0000000000001ddc       0x2c c:/users/lzh/appdata/roaming/code/user/globalstorage/bmd.stm32-for-vscode/@xpack-dev-tools/arm-none-eabi-gcc/12.2.1-1.2.1/.content/bin/../lib/gcc/arm-none-eabi/12.2.1/thumb/v6-m/nofp\libgcc.a(floatsidf.o)

.debug_line_str
                0x0000000000000000      0x14f
 .debug_line_str
                0x0000000000000000       0x31 build/startup_stm32l031xx.o
 .debug_line_str
                0x0000000000000031      0x112 c:/users/lzh/appdata/roaming/code/user/globalstorage/bmd.stm32-for-vscode/@xpack-dev-tools/arm-none-eabi-gcc/12.2.1-1.2.1/.content/bin/../lib/gcc/arm-none-eabi/12.2.1/thumb/v6-m/nofp\libgcc.a(_udivsi3.o)
 .debug_line_str
                0x0000000000000143      0x112 c:/users/lzh/appdata/roaming/code/user/globalstorage/bmd.stm32-for-vscode/@xpack-dev-tools/arm-none-eabi-gcc/12.2.1-1.2.1/.content/bin/../lib/gcc/arm-none-eabi/12.2.1/thumb/v6-m/nofp\libgcc.a(_dvmd_tls.o)
 .debug_line_str
                0x0000000000000143        0xc c:/users/lzh/appdata/roaming/code/user/globalstorage/bmd.stm32-for-vscode/@xpack-dev-tools/arm-none-eabi-gcc/12.2.1-1.2.1/.content/bin/../lib/gcc/arm-none-eabi/12.2.1/thumb/v6-m/nofp\libgcc.a(_aeabi_uldivmod.o)
                                        0x112 (size before relaxing)
 .debug_line_str
                0x000000000000014f      0x112 c:/users/lzh/appdata/roaming/code/user/globalstorage/bmd.stm32-for-vscode/@xpack-dev-tools/arm-none-eabi-gcc/12.2.1-1.2.1/.content/bin/../lib/gcc/arm-none-eabi/12.2.1/thumb/v6-m/nofp\libgcc.a(_clzsi2.o)
 .debug_line_str
                0x000000000000014f      0x112 c:/users/lzh/appdata/roaming/code/user/globalstorage/bmd.stm32-for-vscode/@xpack-dev-tools/arm-none-eabi-gcc/12.2.1-1.2.1/.content/bin/../lib/gcc/arm-none-eabi/12.2.1/thumb/v6-m/nofp\libgcc.a(_clzdi2.o)

Cross Reference Table

Symbol                                            File
ADC1_COMP_IRQHandler                              build/startup_stm32l031xx.o
AHBPrescTable                                     build/system_stm32l0xx.o
                                                  build/stm32l0xx_hal_rcc.o
APBPrescTable                                     build/system_stm32l0xx.o
                                                  build/stm32l0xx_hal_rcc.o
CMD_QUERY_CURRENT_PLAYTIME_EN                     build/main.o
CMD_QUERY_CURRENT_TRACK                           build/main.o
CMD_QUERY_PLAYMODE                                build/main.o
CMD_QUERY_TRACK_NAME                              build/main.o
CMD_QUERY_VOLUME                                  build/main.o
CMD_SET_NEXT                                      build/main.o
CMD_SET_PAUSE                                     build/main.o
CMD_SET_PLAY                                      build/main.o
CMD_SET_PLAYMODE_CIRCLE                           build/main.o
CMD_SET_PREV                                      build/main.o
CMD_SET_SLEEP                                     build/main.o
CMD_SET_VOLUME                                    build/main.o
CMD_SET_VOLUME_DOWN                               build/main.o
CMD_SET_VOLUME_UP                                 build/main.o
CMD_SW_2_SDCARD                                   build/main.o
DMA1_Channel1_IRQHandler                          build/startup_stm32l031xx.o
DMA1_Channel2_3_IRQHandler                        build/startup_stm32l031xx.o
DMA1_Channel4_5_6_7_IRQHandler                    build/stm32l0xx_it.o
Default_Handler                                   build/startup_stm32l031xx.o
Delay_ms                                          build/vfd.o
Delay_us                                          build/vfd.o
EXTI0_1_IRQHandler                                build/startup_stm32l031xx.o
EXTI2_3_IRQHandler                                build/startup_stm32l031xx.o
EXTI4_15_IRQHandler                               build/startup_stm32l031xx.o
Error_Handler                                     build/main.o
                                                  build/stm32l0xx_hal_msp.o
FLASH_IRQHandler                                  build/startup_stm32l031xx.o
FLASH_PageErase                                   build/stm32l0xx_hal_flash_ex.o
                                                  build/stm32l0xx_hal_flash.o
FLASH_WaitForLastOperation                        build/stm32l0xx_hal_flash.o
                                                  build/stm32l0xx_hal_flash_ex.o
HAL_DBGMCU_DBG_DisableLowPowerConfig              build/stm32l0xx_hal.o
HAL_DBGMCU_DBG_EnableLowPowerConfig               build/stm32l0xx_hal.o
HAL_DBGMCU_DisableDBGSleepMode                    build/stm32l0xx_hal.o
HAL_DBGMCU_DisableDBGStandbyMode                  build/stm32l0xx_hal.o
HAL_DBGMCU_DisableDBGStopMode                     build/stm32l0xx_hal.o
HAL_DBGMCU_EnableDBGSleepMode                     build/stm32l0xx_hal.o
HAL_DBGMCU_EnableDBGStandbyMode                   build/stm32l0xx_hal.o
HAL_DBGMCU_EnableDBGStopMode                      build/stm32l0xx_hal.o
HAL_DMA_Abort                                     build/stm32l0xx_hal_dma.o
                                                  build/stm32l0xx_hal_uart.o
HAL_DMA_Abort_IT                                  build/stm32l0xx_hal_dma.o
                                                  build/stm32l0xx_hal_uart.o
                                                  build/stm32l0xx_hal_tim.o
                                                  build/stm32l0xx_hal_i2c.o
HAL_DMA_DeInit                                    build/stm32l0xx_hal_dma.o
                                                  build/stm32l0xx_hal_msp.o
HAL_DMA_GetError                                  build/stm32l0xx_hal_dma.o
                                                  build/stm32l0xx_hal_uart.o
HAL_DMA_GetState                                  build/stm32l0xx_hal_dma.o
                                                  build/stm32l0xx_hal_i2c.o
HAL_DMA_IRQHandler                                build/stm32l0xx_hal_dma.o
                                                  build/stm32l0xx_it.o
HAL_DMA_Init                                      build/stm32l0xx_hal_dma.o
                                                  build/stm32l0xx_hal_msp.o
HAL_DMA_PollForTransfer                           build/stm32l0xx_hal_dma.o
HAL_DMA_RegisterCallback                          build/stm32l0xx_hal_dma.o
HAL_DMA_Start                                     build/stm32l0xx_hal_dma.o
HAL_DMA_Start_IT                                  build/stm32l0xx_hal_dma.o
                                                  build/stm32l0xx_hal_uart.o
                                                  build/stm32l0xx_hal_tim.o
                                                  build/stm32l0xx_hal_i2c.o
HAL_DMA_UnRegisterCallback                        build/stm32l0xx_hal_dma.o
HAL_DeInit                                        build/stm32l0xx_hal.o
HAL_Delay                                         build/stm32l0xx_hal.o
                                                  build/vfd.o
                                                  build/main.o
HAL_EXTI_ClearConfigLine                          build/stm32l0xx_hal_exti.o
HAL_EXTI_ClearPending                             build/stm32l0xx_hal_exti.o
HAL_EXTI_GenerateSWI                              build/stm32l0xx_hal_exti.o
HAL_EXTI_GetConfigLine                            build/stm32l0xx_hal_exti.o
HAL_EXTI_GetHandle                                build/stm32l0xx_hal_exti.o
HAL_EXTI_GetPending                               build/stm32l0xx_hal_exti.o
HAL_EXTI_IRQHandler                               build/stm32l0xx_hal_exti.o
HAL_EXTI_RegisterCallback                         build/stm32l0xx_hal_exti.o
HAL_EXTI_SetConfigLine                            build/stm32l0xx_hal_exti.o
HAL_FLASHEx_AdvOBGetConfig                        build/stm32l0xx_hal_flash_ex.o
HAL_FLASHEx_AdvOBProgram                          build/stm32l0xx_hal_flash_ex.o
HAL_FLASHEx_DATAEEPROM_DisableFixedTimeProgram    build/stm32l0xx_hal_flash_ex.o
HAL_FLASHEx_DATAEEPROM_EnableFixedTimeProgram     build/stm32l0xx_hal_flash_ex.o
HAL_FLASHEx_DATAEEPROM_Erase                      build/stm32l0xx_hal_flash_ex.o
HAL_FLASHEx_DATAEEPROM_Lock                       build/stm32l0xx_hal_flash_ex.o
HAL_FLASHEx_DATAEEPROM_Program                    build/stm32l0xx_hal_flash_ex.o
HAL_FLASHEx_DATAEEPROM_Unlock                     build/stm32l0xx_hal_flash_ex.o
HAL_FLASHEx_DisableRunPowerDown                   build/stm32l0xx_hal_flash_ramfunc.o
HAL_FLASHEx_EnableRunPowerDown                    build/stm32l0xx_hal_flash_ramfunc.o
HAL_FLASHEx_Erase                                 build/stm32l0xx_hal_flash_ex.o
HAL_FLASHEx_Erase_IT                              build/stm32l0xx_hal_flash_ex.o
HAL_FLASHEx_GetError                              build/stm32l0xx_hal_flash_ramfunc.o
HAL_FLASHEx_HalfPageProgram                       build/stm32l0xx_hal_flash_ramfunc.o
HAL_FLASHEx_OBGetConfig                           build/stm32l0xx_hal_flash_ex.o
HAL_FLASHEx_OBProgram                             build/stm32l0xx_hal_flash_ex.o
HAL_FLASHEx_OB_DeSelectPCROP                      build/stm32l0xx_hal_flash_ex.o
HAL_FLASHEx_OB_SelectPCROP                        build/stm32l0xx_hal_flash_ex.o
HAL_FLASH_EndOfOperationCallback                  build/stm32l0xx_hal_flash.o
HAL_FLASH_GetError                                build/stm32l0xx_hal_flash.o
HAL_FLASH_IRQHandler                              build/stm32l0xx_hal_flash.o
HAL_FLASH_Lock                                    build/stm32l0xx_hal_flash.o
HAL_FLASH_OB_Launch                               build/stm32l0xx_hal_flash.o
HAL_FLASH_OB_Lock                                 build/stm32l0xx_hal_flash.o
HAL_FLASH_OB_Unlock                               build/stm32l0xx_hal_flash.o
HAL_FLASH_OperationErrorCallback                  build/stm32l0xx_hal_flash.o
HAL_FLASH_Program                                 build/stm32l0xx_hal_flash.o
HAL_FLASH_Program_IT                              build/stm32l0xx_hal_flash.o
HAL_FLASH_Unlock                                  build/stm32l0xx_hal_flash.o
HAL_GPIO_DeInit                                   build/stm32l0xx_hal_gpio.o
                                                  build/stm32l0xx_hal_msp.o
HAL_GPIO_EXTI_Callback                            build/stm32l0xx_hal_gpio.o
HAL_GPIO_EXTI_IRQHandler                          build/stm32l0xx_hal_gpio.o
HAL_GPIO_Init                                     build/stm32l0xx_hal_gpio.o
                                                  build/stm32l0xx_hal_msp.o
                                                  build/main.o
                                                  build/stm32l0xx_hal_rcc.o
HAL_GPIO_LockPin                                  build/stm32l0xx_hal_gpio.o
HAL_GPIO_ReadPin                                  build/stm32l0xx_hal_gpio.o
HAL_GPIO_TogglePin                                build/stm32l0xx_hal_gpio.o
                                                  build/main.o
HAL_GPIO_WritePin                                 build/stm32l0xx_hal_gpio.o
                                                  build/vfd.o
                                                  build/main.o
HAL_GetDEVID                                      build/stm32l0xx_hal.o
HAL_GetHalVersion                                 build/stm32l0xx_hal.o
HAL_GetREVID                                      build/stm32l0xx_hal.o
HAL_GetTick                                       build/stm32l0xx_hal.o
                                                  build/stm32l0xx_hal_uart_ex.o
                                                  build/stm32l0xx_hal_uart.o
                                                  build/stm32l0xx_hal_rcc_ex.o
                                                  build/stm32l0xx_hal_rcc.o
                                                  build/stm32l0xx_hal_i2c.o
                                                  build/stm32l0xx_hal_flash.o
                                                  build/stm32l0xx_hal_dma.o
HAL_GetTickFreq                                   build/stm32l0xx_hal.o
HAL_GetTickPrio                                   build/stm32l0xx_hal.o
HAL_GetUIDw0                                      build/stm32l0xx_hal.o
HAL_GetUIDw1                                      build/stm32l0xx_hal.o
HAL_GetUIDw2                                      build/stm32l0xx_hal.o
HAL_HalfDuplex_EnableReceiver                     build/stm32l0xx_hal_uart.o
HAL_HalfDuplex_EnableTransmitter                  build/stm32l0xx_hal_uart.o
HAL_HalfDuplex_Init                               build/stm32l0xx_hal_uart.o
HAL_I2CEx_ConfigAnalogFilter                      build/stm32l0xx_hal_i2c_ex.o
HAL_I2CEx_ConfigDigitalFilter                     build/stm32l0xx_hal_i2c_ex.o
HAL_I2CEx_DisableFastModePlus                     build/stm32l0xx_hal_i2c_ex.o
HAL_I2CEx_DisableWakeUp                           build/stm32l0xx_hal_i2c_ex.o
HAL_I2CEx_EnableFastModePlus                      build/stm32l0xx_hal_i2c_ex.o
HAL_I2CEx_EnableWakeUp                            build/stm32l0xx_hal_i2c_ex.o
HAL_I2C_AbortCpltCallback                         build/stm32l0xx_hal_i2c.o
HAL_I2C_AddrCallback                              build/stm32l0xx_hal_i2c.o
HAL_I2C_DeInit                                    build/stm32l0xx_hal_i2c.o
HAL_I2C_DisableListen_IT                          build/stm32l0xx_hal_i2c.o
HAL_I2C_ER_IRQHandler                             build/stm32l0xx_hal_i2c.o
HAL_I2C_EV_IRQHandler                             build/stm32l0xx_hal_i2c.o
HAL_I2C_EnableListen_IT                           build/stm32l0xx_hal_i2c.o
HAL_I2C_ErrorCallback                             build/stm32l0xx_hal_i2c.o
HAL_I2C_GetError                                  build/stm32l0xx_hal_i2c.o
HAL_I2C_GetMode                                   build/stm32l0xx_hal_i2c.o
HAL_I2C_GetState                                  build/stm32l0xx_hal_i2c.o
HAL_I2C_Init                                      build/stm32l0xx_hal_i2c.o
HAL_I2C_IsDeviceReady                             build/stm32l0xx_hal_i2c.o
HAL_I2C_ListenCpltCallback                        build/stm32l0xx_hal_i2c.o
HAL_I2C_MasterRxCpltCallback                      build/stm32l0xx_hal_i2c.o
HAL_I2C_MasterTxCpltCallback                      build/stm32l0xx_hal_i2c.o
HAL_I2C_Master_Abort_IT                           build/stm32l0xx_hal_i2c.o
HAL_I2C_Master_Receive                            build/stm32l0xx_hal_i2c.o
HAL_I2C_Master_Receive_DMA                        build/stm32l0xx_hal_i2c.o
HAL_I2C_Master_Receive_IT                         build/stm32l0xx_hal_i2c.o
HAL_I2C_Master_Seq_Receive_DMA                    build/stm32l0xx_hal_i2c.o
HAL_I2C_Master_Seq_Receive_IT                     build/stm32l0xx_hal_i2c.o
HAL_I2C_Master_Seq_Transmit_DMA                   build/stm32l0xx_hal_i2c.o
HAL_I2C_Master_Seq_Transmit_IT                    build/stm32l0xx_hal_i2c.o
HAL_I2C_Master_Transmit                           build/stm32l0xx_hal_i2c.o
HAL_I2C_Master_Transmit_DMA                       build/stm32l0xx_hal_i2c.o
HAL_I2C_Master_Transmit_IT                        build/stm32l0xx_hal_i2c.o
HAL_I2C_MemRxCpltCallback                         build/stm32l0xx_hal_i2c.o
HAL_I2C_MemTxCpltCallback                         build/stm32l0xx_hal_i2c.o
HAL_I2C_Mem_Read                                  build/stm32l0xx_hal_i2c.o
HAL_I2C_Mem_Read_DMA                              build/stm32l0xx_hal_i2c.o
HAL_I2C_Mem_Read_IT                               build/stm32l0xx_hal_i2c.o
HAL_I2C_Mem_Write                                 build/stm32l0xx_hal_i2c.o
HAL_I2C_Mem_Write_DMA                             build/stm32l0xx_hal_i2c.o
HAL_I2C_Mem_Write_IT                              build/stm32l0xx_hal_i2c.o
HAL_I2C_MspDeInit                                 build/stm32l0xx_hal_i2c.o
HAL_I2C_MspInit                                   build/stm32l0xx_hal_i2c.o
HAL_I2C_SlaveRxCpltCallback                       build/stm32l0xx_hal_i2c.o
HAL_I2C_SlaveTxCpltCallback                       build/stm32l0xx_hal_i2c.o
HAL_I2C_Slave_Receive                             build/stm32l0xx_hal_i2c.o
HAL_I2C_Slave_Receive_DMA                         build/stm32l0xx_hal_i2c.o
HAL_I2C_Slave_Receive_IT                          build/stm32l0xx_hal_i2c.o
HAL_I2C_Slave_Seq_Receive_DMA                     build/stm32l0xx_hal_i2c.o
HAL_I2C_Slave_Seq_Receive_IT                      build/stm32l0xx_hal_i2c.o
HAL_I2C_Slave_Seq_Transmit_DMA                    build/stm32l0xx_hal_i2c.o
HAL_I2C_Slave_Seq_Transmit_IT                     build/stm32l0xx_hal_i2c.o
HAL_I2C_Slave_Transmit                            build/stm32l0xx_hal_i2c.o
HAL_I2C_Slave_Transmit_DMA                        build/stm32l0xx_hal_i2c.o
HAL_I2C_Slave_Transmit_IT                         build/stm32l0xx_hal_i2c.o
HAL_IncTick                                       build/stm32l0xx_hal.o
                                                  build/stm32l0xx_it.o
HAL_Init                                          build/stm32l0xx_hal.o
                                                  build/main.o
HAL_InitTick                                      build/stm32l0xx_hal.o
                                                  build/stm32l0xx_hal_rcc.o
HAL_LIN_Init                                      build/stm32l0xx_hal_uart.o
HAL_LIN_SendBreak                                 build/stm32l0xx_hal_uart.o
HAL_MspDeInit                                     build/stm32l0xx_hal.o
HAL_MspInit                                       build/stm32l0xx_hal_msp.o
                                                  build/stm32l0xx_hal.o
HAL_MultiProcessorEx_AddressLength_Set            build/stm32l0xx_hal_uart_ex.o
HAL_MultiProcessor_DisableMuteMode                build/stm32l0xx_hal_uart.o
HAL_MultiProcessor_EnableMuteMode                 build/stm32l0xx_hal_uart.o
HAL_MultiProcessor_EnterMuteMode                  build/stm32l0xx_hal_uart.o
HAL_MultiProcessor_Init                           build/stm32l0xx_hal_uart.o
HAL_NVIC_ClearPendingIRQ                          build/stm32l0xx_hal_cortex.o
HAL_NVIC_DisableIRQ                               build/stm32l0xx_hal_cortex.o
                                                  build/stm32l0xx_hal_msp.o
HAL_NVIC_EnableIRQ                                build/stm32l0xx_hal_cortex.o
                                                  build/stm32l0xx_hal_msp.o
                                                  build/main.o
HAL_NVIC_GetPendingIRQ                            build/stm32l0xx_hal_cortex.o
HAL_NVIC_GetPriority                              build/stm32l0xx_hal_cortex.o
HAL_NVIC_SetPendingIRQ                            build/stm32l0xx_hal_cortex.o
HAL_NVIC_SetPriority                              build/stm32l0xx_hal_cortex.o
                                                  build/stm32l0xx_hal_msp.o
                                                  build/main.o
                                                  build/stm32l0xx_hal.o
HAL_NVIC_SystemReset                              build/stm32l0xx_hal_cortex.o
HAL_PWREx_DisableFastWakeUp                       build/stm32l0xx_hal_pwr_ex.o
HAL_PWREx_DisableLowPowerRunMode                  build/stm32l0xx_hal_pwr_ex.o
HAL_PWREx_DisableUltraLowPower                    build/stm32l0xx_hal_pwr_ex.o
HAL_PWREx_EnableFastWakeUp                        build/stm32l0xx_hal_pwr_ex.o
HAL_PWREx_EnableLowPowerRunMode                   build/stm32l0xx_hal_pwr_ex.o
HAL_PWREx_EnableUltraLowPower                     build/stm32l0xx_hal_pwr_ex.o
HAL_PWREx_GetVoltageRange                         build/stm32l0xx_hal_pwr_ex.o
HAL_PWR_ConfigPVD                                 build/stm32l0xx_hal_pwr.o
HAL_PWR_DeInit                                    build/stm32l0xx_hal_pwr.o
HAL_PWR_DisableBkUpAccess                         build/stm32l0xx_hal_pwr.o
HAL_PWR_DisablePVD                                build/stm32l0xx_hal_pwr.o
HAL_PWR_DisableSEVOnPend                          build/stm32l0xx_hal_pwr.o
HAL_PWR_DisableSleepOnExit                        build/stm32l0xx_hal_pwr.o
HAL_PWR_DisableWakeUpPin                          build/stm32l0xx_hal_pwr.o
HAL_PWR_EnableBkUpAccess                          build/stm32l0xx_hal_pwr.o
HAL_PWR_EnablePVD                                 build/stm32l0xx_hal_pwr.o
HAL_PWR_EnableSEVOnPend                           build/stm32l0xx_hal_pwr.o
HAL_PWR_EnableSleepOnExit                         build/stm32l0xx_hal_pwr.o
HAL_PWR_EnableWakeUpPin                           build/stm32l0xx_hal_pwr.o
HAL_PWR_EnterSLEEPMode                            build/stm32l0xx_hal_pwr.o
HAL_PWR_EnterSTANDBYMode                          build/stm32l0xx_hal_pwr.o
HAL_PWR_EnterSTOPMode                             build/stm32l0xx_hal_pwr.o
HAL_PWR_PVDCallback                               build/stm32l0xx_hal_pwr.o
HAL_PWR_PVD_IRQHandler                            build/stm32l0xx_hal_pwr.o
HAL_RCCEx_DisableLSECSS                           build/stm32l0xx_hal_rcc_ex.o
HAL_RCCEx_EnableLSECSS                            build/stm32l0xx_hal_rcc_ex.o
HAL_RCCEx_EnableLSECSS_IT                         build/stm32l0xx_hal_rcc_ex.o
HAL_RCCEx_GetPeriphCLKConfig                      build/stm32l0xx_hal_rcc_ex.o
HAL_RCCEx_GetPeriphCLKFreq                        build/stm32l0xx_hal_rcc_ex.o
HAL_RCCEx_LSECSS_Callback                         build/stm32l0xx_hal_rcc_ex.o
HAL_RCCEx_LSECSS_IRQHandler                       build/stm32l0xx_hal_rcc_ex.o
HAL_RCCEx_PeriphCLKConfig                         build/stm32l0xx_hal_rcc_ex.o
                                                  build/main.o
HAL_RCC_CSSCallback                               build/stm32l0xx_hal_rcc.o
HAL_RCC_ClockConfig                               build/stm32l0xx_hal_rcc.o
                                                  build/main.o
HAL_RCC_DeInit                                    build/stm32l0xx_hal_rcc.o
HAL_RCC_EnableCSS                                 build/stm32l0xx_hal_rcc.o
HAL_RCC_GetClockConfig                            build/stm32l0xx_hal_rcc.o
HAL_RCC_GetHCLKFreq                               build/stm32l0xx_hal_rcc.o
HAL_RCC_GetOscConfig                              build/stm32l0xx_hal_rcc.o
HAL_RCC_GetPCLK1Freq                              build/stm32l0xx_hal_rcc.o
                                                  build/stm32l0xx_hal_uart.o
                                                  build/stm32l0xx_hal_rcc_ex.o
HAL_RCC_GetPCLK2Freq                              build/stm32l0xx_hal_rcc.o
                                                  build/stm32l0xx_hal_uart.o
HAL_RCC_GetSysClockFreq                           build/stm32l0xx_hal_rcc.o
                                                  build/stm32l0xx_hal_uart.o
                                                  build/stm32l0xx_hal_rcc_ex.o
HAL_RCC_MCOConfig                                 build/stm32l0xx_hal_rcc.o
HAL_RCC_NMI_IRQHandler                            build/stm32l0xx_hal_rcc.o
HAL_RCC_OscConfig                                 build/stm32l0xx_hal_rcc.o
                                                  build/main.o
HAL_RS485Ex_Init                                  build/stm32l0xx_hal_uart_ex.o
HAL_ResumeTick                                    build/stm32l0xx_hal.o
HAL_SYSCFG_Disable_Lock_VREFINT                   build/stm32l0xx_hal.o
HAL_SYSCFG_Enable_Lock_VREFINT                    build/stm32l0xx_hal.o
HAL_SYSCFG_GetBootMode                            build/stm32l0xx_hal.o
HAL_SYSCFG_VREFINT_OutputSelect                   build/stm32l0xx_hal.o
HAL_SYSTICK_CLKSourceConfig                       build/stm32l0xx_hal_cortex.o
HAL_SYSTICK_Callback                              build/stm32l0xx_hal_cortex.o
HAL_SYSTICK_Config                                build/stm32l0xx_hal_cortex.o
                                                  build/stm32l0xx_hal.o
HAL_SYSTICK_IRQHandler                            build/stm32l0xx_hal_cortex.o
HAL_SetTickFreq                                   build/stm32l0xx_hal.o
HAL_SuspendTick                                   build/stm32l0xx_hal.o
HAL_TIMEx_MasterConfigSynchronization             build/stm32l0xx_hal_tim_ex.o
                                                  build/main.o
HAL_TIMEx_RemapConfig                             build/stm32l0xx_hal_tim_ex.o
HAL_TIM_Base_DeInit                               build/stm32l0xx_hal_tim.o
HAL_TIM_Base_GetState                             build/stm32l0xx_hal_tim.o
HAL_TIM_Base_Init                                 build/stm32l0xx_hal_tim.o
HAL_TIM_Base_MspDeInit                            build/stm32l0xx_hal_tim.o
HAL_TIM_Base_MspInit                              build/stm32l0xx_hal_tim.o
HAL_TIM_Base_Start                                build/stm32l0xx_hal_tim.o
HAL_TIM_Base_Start_DMA                            build/stm32l0xx_hal_tim.o
HAL_TIM_Base_Start_IT                             build/stm32l0xx_hal_tim.o
HAL_TIM_Base_Stop                                 build/stm32l0xx_hal_tim.o
HAL_TIM_Base_Stop_DMA                             build/stm32l0xx_hal_tim.o
HAL_TIM_Base_Stop_IT                              build/stm32l0xx_hal_tim.o
HAL_TIM_ConfigClockSource                         build/stm32l0xx_hal_tim.o
HAL_TIM_ConfigOCrefClear                          build/stm32l0xx_hal_tim.o
HAL_TIM_ConfigTI1Input                            build/stm32l0xx_hal_tim.o
HAL_TIM_DMABurstState                             build/stm32l0xx_hal_tim.o
HAL_TIM_DMABurst_MultiReadStart                   build/stm32l0xx_hal_tim.o
HAL_TIM_DMABurst_MultiWriteStart                  build/stm32l0xx_hal_tim.o
HAL_TIM_DMABurst_ReadStart                        build/stm32l0xx_hal_tim.o
HAL_TIM_DMABurst_ReadStop                         build/stm32l0xx_hal_tim.o
HAL_TIM_DMABurst_WriteStart                       build/stm32l0xx_hal_tim.o
HAL_TIM_DMABurst_WriteStop                        build/stm32l0xx_hal_tim.o
HAL_TIM_Encoder_DeInit                            build/stm32l0xx_hal_tim.o
HAL_TIM_Encoder_GetState                          build/stm32l0xx_hal_tim.o
HAL_TIM_Encoder_Init                              build/stm32l0xx_hal_tim.o
                                                  build/main.o
HAL_TIM_Encoder_MspDeInit                         build/stm32l0xx_hal_msp.o
                                                  build/stm32l0xx_hal_tim.o
HAL_TIM_Encoder_MspInit                           build/stm32l0xx_hal_msp.o
                                                  build/stm32l0xx_hal_tim.o
HAL_TIM_Encoder_Start                             build/stm32l0xx_hal_tim.o
                                                  build/main.o
HAL_TIM_Encoder_Start_DMA                         build/stm32l0xx_hal_tim.o
HAL_TIM_Encoder_Start_IT                          build/stm32l0xx_hal_tim.o
HAL_TIM_Encoder_Stop                              build/stm32l0xx_hal_tim.o
HAL_TIM_Encoder_Stop_DMA                          build/stm32l0xx_hal_tim.o
HAL_TIM_Encoder_Stop_IT                           build/stm32l0xx_hal_tim.o
HAL_TIM_ErrorCallback                             build/stm32l0xx_hal_tim.o
HAL_TIM_GenerateEvent                             build/stm32l0xx_hal_tim.o
HAL_TIM_GetActiveChannel                          build/stm32l0xx_hal_tim.o
HAL_TIM_GetChannelState                           build/stm32l0xx_hal_tim.o
HAL_TIM_IC_CaptureCallback                        build/stm32l0xx_hal_tim.o
HAL_TIM_IC_CaptureHalfCpltCallback                build/stm32l0xx_hal_tim.o
HAL_TIM_IC_ConfigChannel                          build/stm32l0xx_hal_tim.o
HAL_TIM_IC_DeInit                                 build/stm32l0xx_hal_tim.o
HAL_TIM_IC_GetState                               build/stm32l0xx_hal_tim.o
HAL_TIM_IC_Init                                   build/stm32l0xx_hal_tim.o
HAL_TIM_IC_MspDeInit                              build/stm32l0xx_hal_tim.o
HAL_TIM_IC_MspInit                                build/stm32l0xx_hal_tim.o
HAL_TIM_IC_Start                                  build/stm32l0xx_hal_tim.o
HAL_TIM_IC_Start_DMA                              build/stm32l0xx_hal_tim.o
HAL_TIM_IC_Start_IT                               build/stm32l0xx_hal_tim.o
HAL_TIM_IC_Stop                                   build/stm32l0xx_hal_tim.o
HAL_TIM_IC_Stop_DMA                               build/stm32l0xx_hal_tim.o